Archive member included to satisfy reference by file (symbol)

/usr/lib/gcc/arm-none-eabi/7.3.1/../../../arm-none-eabi/lib/thumb/v7e-m/fpv4-sp/hard/libc_nano.a(lib_a-atexit.o)
                              /usr/lib/gcc/arm-none-eabi/7.3.1/../../../arm-none-eabi/lib/thumb/v7e-m/fpv4-sp/hard/crt0.o (atexit)
/usr/lib/gcc/arm-none-eabi/7.3.1/../../../arm-none-eabi/lib/thumb/v7e-m/fpv4-sp/hard/libc_nano.a(lib_a-exit.o)
                              /usr/lib/gcc/arm-none-eabi/7.3.1/../../../arm-none-eabi/lib/thumb/v7e-m/fpv4-sp/hard/crt0.o (exit)
/usr/lib/gcc/arm-none-eabi/7.3.1/../../../arm-none-eabi/lib/thumb/v7e-m/fpv4-sp/hard/libc_nano.a(lib_a-fini.o)
                              /usr/lib/gcc/arm-none-eabi/7.3.1/../../../arm-none-eabi/lib/thumb/v7e-m/fpv4-sp/hard/crt0.o (__libc_fini_array)
/usr/lib/gcc/arm-none-eabi/7.3.1/../../../arm-none-eabi/lib/thumb/v7e-m/fpv4-sp/hard/libc_nano.a(lib_a-impure.o)
                              /usr/lib/gcc/arm-none-eabi/7.3.1/../../../arm-none-eabi/lib/thumb/v7e-m/fpv4-sp/hard/libc_nano.a(lib_a-exit.o) (_global_impure_ptr)
/usr/lib/gcc/arm-none-eabi/7.3.1/../../../arm-none-eabi/lib/thumb/v7e-m/fpv4-sp/hard/libc_nano.a(lib_a-init.o)
                              /usr/lib/gcc/arm-none-eabi/7.3.1/../../../arm-none-eabi/lib/thumb/v7e-m/fpv4-sp/hard/crt0.o (__libc_init_array)
/usr/lib/gcc/arm-none-eabi/7.3.1/../../../arm-none-eabi/lib/thumb/v7e-m/fpv4-sp/hard/libc_nano.a(lib_a-memset.o)
                              /usr/lib/gcc/arm-none-eabi/7.3.1/../../../arm-none-eabi/lib/thumb/v7e-m/fpv4-sp/hard/crt0.o (memset)
/usr/lib/gcc/arm-none-eabi/7.3.1/../../../arm-none-eabi/lib/thumb/v7e-m/fpv4-sp/hard/libc_nano.a(lib_a-__atexit.o)
                              /usr/lib/gcc/arm-none-eabi/7.3.1/../../../arm-none-eabi/lib/thumb/v7e-m/fpv4-sp/hard/libc_nano.a(lib_a-atexit.o) (__register_exitproc)
/usr/lib/gcc/arm-none-eabi/7.3.1/../../../arm-none-eabi/lib/thumb/v7e-m/fpv4-sp/hard/libc_nano.a(lib_a-__call_atexit.o)
                              /usr/lib/gcc/arm-none-eabi/7.3.1/../../../arm-none-eabi/lib/thumb/v7e-m/fpv4-sp/hard/libc_nano.a(lib_a-__atexit.o) (__call_exitprocs)
/usr/lib/gcc/arm-none-eabi/7.3.1/../../../arm-none-eabi/lib/thumb/v7e-m/fpv4-sp/hard/libnosys.a(_exit.o)
                              /usr/lib/gcc/arm-none-eabi/7.3.1/../../../arm-none-eabi/lib/thumb/v7e-m/fpv4-sp/hard/libc_nano.a(lib_a-exit.o) (_exit)
/usr/lib/gcc/arm-none-eabi/7.3.1/thumb/v7e-m/fpv4-sp/hard/libgcc.a(_aeabi_uldivmod.o)
                              build/stm32l4xx_hal_uart.o (__aeabi_uldivmod)
/usr/lib/gcc/arm-none-eabi/7.3.1/thumb/v7e-m/fpv4-sp/hard/libgcc.a(_udivmoddi4.o)
                              /usr/lib/gcc/arm-none-eabi/7.3.1/thumb/v7e-m/fpv4-sp/hard/libgcc.a(_aeabi_uldivmod.o) (__udivmoddi4)
/usr/lib/gcc/arm-none-eabi/7.3.1/thumb/v7e-m/fpv4-sp/hard/libgcc.a(_dvmd_tls.o)
                              /usr/lib/gcc/arm-none-eabi/7.3.1/thumb/v7e-m/fpv4-sp/hard/libgcc.a(_aeabi_uldivmod.o) (__aeabi_ldiv0)

Allocating common symbols
Common symbol       size              file

hspi2               0x64              build/main.o
hi2c1               0x4c              build/main.o
hi2c2               0x4c              build/main.o
uwTick              0x4               build/stm32l4xx_hal.o
hsai_BlockB1        0x84              build/main.o
hlcd                0x3c              build/main.o
hhcd_USB_OTG_FS     0x2c4             build/main.o
hsai_BlockA1        0x84              build/main.o
huart2              0x78              build/main.o
hqspi               0x44              build/main.o

Discarded input sections

 .text          0x0000000000000000        0x0 /usr/lib/gcc/arm-none-eabi/7.3.1/thumb/v7e-m/fpv4-sp/hard/crti.o
 .data          0x0000000000000000        0x0 /usr/lib/gcc/arm-none-eabi/7.3.1/thumb/v7e-m/fpv4-sp/hard/crti.o
 .bss           0x0000000000000000        0x0 /usr/lib/gcc/arm-none-eabi/7.3.1/thumb/v7e-m/fpv4-sp/hard/crti.o
 .data          0x0000000000000000        0x4 /usr/lib/gcc/arm-none-eabi/7.3.1/thumb/v7e-m/fpv4-sp/hard/crtbegin.o
 .text          0x0000000000000000       0x68 /usr/lib/gcc/arm-none-eabi/7.3.1/../../../arm-none-eabi/lib/thumb/v7e-m/fpv4-sp/hard/crt0.o
 .data          0x0000000000000000        0x0 /usr/lib/gcc/arm-none-eabi/7.3.1/../../../arm-none-eabi/lib/thumb/v7e-m/fpv4-sp/hard/crt0.o
 .bss           0x0000000000000000        0x0 /usr/lib/gcc/arm-none-eabi/7.3.1/../../../arm-none-eabi/lib/thumb/v7e-m/fpv4-sp/hard/crt0.o
 .ARM.extab     0x0000000000000000        0x0 /usr/lib/gcc/arm-none-eabi/7.3.1/../../../arm-none-eabi/lib/thumb/v7e-m/fpv4-sp/hard/crt0.o
 .ARM.exidx     0x0000000000000000        0x8 /usr/lib/gcc/arm-none-eabi/7.3.1/../../../arm-none-eabi/lib/thumb/v7e-m/fpv4-sp/hard/crt0.o
 .debug_line    0x0000000000000000       0x87 /usr/lib/gcc/arm-none-eabi/7.3.1/../../../arm-none-eabi/lib/thumb/v7e-m/fpv4-sp/hard/crt0.o
[...]
Memory Configuration

Name             Origin             Length             Attributes
RAM              0x0000000020000000 0x0000000000018000 xrw
RAM2             0x0000000010000000 0x0000000000008000 xrw
FLASH            0x0000000008000000 0x0000000000100000 xr
*default*        0x0000000000000000 0xffffffffffffffff

Linker script and memory map

LOAD /usr/lib/gcc/arm-none-eabi/7.3.1/thumb/v7e-m/fpv4-sp/hard/crti.o
LOAD /usr/lib/gcc/arm-none-eabi/7.3.1/thumb/v7e-m/fpv4-sp/hard/crtbegin.o
LOAD /usr/lib/gcc/arm-none-eabi/7.3.1/../../../arm-none-eabi/lib/thumb/v7e-m/fpv4-sp/hard/crt0.o
LOAD build/main.o
LOAD build/stm32l4xx_it.o
LOAD build/stm32l4xx_hal_msp.o
LOAD build/stm32l4xx_hal_i2c.o
LOAD build/stm32l4xx_hal_i2c_ex.o
LOAD build/stm32l4xx_hal_lcd.o
LOAD build/stm32l4xx_hal_qspi.o
LOAD build/stm32l4xx_hal_sai.o
LOAD build/stm32l4xx_hal_sai_ex.o
LOAD build/stm32l4xx_hal_spi.o
LOAD build/stm32l4xx_hal_spi_ex.o
LOAD build/stm32l4xx_hal_tim.o
LOAD build/stm32l4xx_hal_tim_ex.o
LOAD build/stm32l4xx_hal_uart.o
LOAD build/stm32l4xx_hal_uart_ex.o
LOAD build/stm32l4xx_hal_hcd.o
LOAD build/stm32l4xx_ll_usb.o
LOAD build/stm32l4xx_hal.o
LOAD build/stm32l4xx_hal_rcc.o
LOAD build/stm32l4xx_hal_rcc_ex.o
LOAD build/stm32l4xx_hal_flash.o
LOAD build/stm32l4xx_hal_flash_ex.o
LOAD build/stm32l4xx_hal_flash_ramfunc.o
LOAD build/stm32l4xx_hal_gpio.o
LOAD build/stm32l4xx_hal_dma.o
LOAD build/stm32l4xx_hal_dma_ex.o
LOAD build/stm32l4xx_hal_pwr.o
LOAD build/stm32l4xx_hal_pwr_ex.o
LOAD build/stm32l4xx_hal_cortex.o
LOAD build/stm32l4xx_hal_exti.o
LOAD build/system_stm32l4xx.o
LOAD build/startup_stm32l476xx.o
LOAD /usr/lib/gcc/arm-none-eabi/7.3.1/../../../arm-none-eabi/lib/thumb/v7e-m/fpv4-sp/hard/libc_nano.a
LOAD /usr/lib/gcc/arm-none-eabi/7.3.1/../../../arm-none-eabi/lib/thumb/v7e-m/fpv4-sp/hard/libm.a
LOAD /usr/lib/gcc/arm-none-eabi/7.3.1/../../../arm-none-eabi/lib/thumb/v7e-m/fpv4-sp/hard/libnosys.a
START GROUP
LOAD /usr/lib/gcc/arm-none-eabi/7.3.1/thumb/v7e-m/fpv4-sp/hard/libgcc.a
LOAD /usr/lib/gcc/arm-none-eabi/7.3.1/../../../arm-none-eabi/lib/thumb/v7e-m/fpv4-sp/hard/libc_nano.a
END GROUP
START GROUP
LOAD /usr/lib/gcc/arm-none-eabi/7.3.1/thumb/v7e-m/fpv4-sp/hard/libgcc.a
LOAD /usr/lib/gcc/arm-none-eabi/7.3.1/../../../arm-none-eabi/lib/thumb/v7e-m/fpv4-sp/hard/libc_nano.a
END GROUP
LOAD /usr/lib/gcc/arm-none-eabi/7.3.1/thumb/v7e-m/fpv4-sp/hard/crtend.o
LOAD /usr/lib/gcc/arm-none-eabi/7.3.1/thumb/v7e-m/fpv4-sp/hard/crtn.o
                0x0000000020018000                _estack = 0x20018000
                0x0000000000000200                _Min_Heap_Size = 0x200
                0x0000000000000400                _Min_Stack_Size = 0x400

.isr_vector     0x0000000008000000      0x188
                0x0000000008000000                . = ALIGN (0x8)
 *(.isr_vector)
 .isr_vector    0x0000000008000000      0x188 build/startup_stm32l476xx.o
                0x0000000008000000                g_pfnVectors
                0x0000000008000188                . = ALIGN (0x8)

.text           0x0000000008000188     0x4350
                0x0000000008000188                . = ALIGN (0x8)
 *(.text)
 .text          0x0000000008000188       0x88 /usr/lib/gcc/arm-none-eabi/7.3.1/thumb/v7e-m/fpv4-sp/hard/crtbegin.o
 .text          0x0000000008000210       0x48 /usr/lib/gcc/arm-none-eabi/7.3.1/../../../arm-none-eabi/lib/thumb/v7e-m/fpv4-sp/hard/libc_nano.a(lib_a-init.o)
                0x0000000008000210                __libc_init_array
 .text          0x0000000008000258       0x94 /usr/lib/gcc/arm-none-eabi/7.3.1/../../../arm-none-eabi/lib/thumb/v7e-m/fpv4-sp/hard/libc_nano.a(lib_a-memset.o)
                0x0000000008000258                memset
 .text          0x00000000080002ec       0x30 /usr/lib/gcc/arm-none-eabi/7.3.1/thumb/v7e-m/fpv4-sp/hard/libgcc.a(_aeabi_uldivmod.o)
                0x00000000080002ec                __aeabi_uldivmod
 .text          0x000000000800031c      0x2cc /usr/lib/gcc/arm-none-eabi/7.3.1/thumb/v7e-m/fpv4-sp/hard/libgcc.a(_udivmoddi4.o)
                0x000000000800031c                __udivmoddi4
 .text          0x00000000080005e8        0x4 /usr/lib/gcc/arm-none-eabi/7.3.1/thumb/v7e-m/fpv4-sp/hard/libgcc.a(_dvmd_tls.o)
                0x00000000080005e8                __aeabi_ldiv0
                0x00000000080005e8                __aeabi_idiv0
 *(.text*)
 .text.MX_GPIO_Init
                0x00000000080005ec      0x1ec build/main.o
 .text.MX_I2C1_Init
                0x00000000080007d8       0x44 build/main.o
 .text.MX_I2C2_Init
                0x000000000800081c       0x44 build/main.o
 .text.MX_LCD_Init
                0x0000000008000860       0x34 build/main.o
 .text.MX_QUADSPI_Init
                0x0000000008000894       0x28 build/main.o
 .text.MX_SAI1_Init
                0x00000000080008bc       0x7c build/main.o
 .text.MX_SPI2_Init
                0x0000000008000938       0x44 build/main.o
 .text.MX_USART2_UART_Init
                0x000000000800097c       0x30 build/main.o
 .text.MX_USB_OTG_FS_HCD_Init
                0x00000000080009ac       0x28 build/main.o
 .text.SystemClock_Config
                0x00000000080009d4       0xc4 build/main.o
                0x00000000080009d4                SystemClock_Config
 .text.main     0x0000000008000a98       0x30 build/main.o
                0x0000000008000a98                main
 .text.NMI_Handler
                0x0000000008000ac8        0x2 build/stm32l4xx_it.o
                0x0000000008000ac8                NMI_Handler
 .text.HardFault_Handler
                0x0000000008000aca        0x2 build/stm32l4xx_it.o
                0x0000000008000aca                HardFault_Handler
 .text.MemManage_Handler
                0x0000000008000acc        0x2 build/stm32l4xx_it.o
                0x0000000008000acc                MemManage_Handler
 .text.BusFault_Handler
                0x0000000008000ace        0x2 build/stm32l4xx_it.o
                0x0000000008000ace                BusFault_Handler
 .text.UsageFault_Handler
                0x0000000008000ad0        0x2 build/stm32l4xx_it.o
                0x0000000008000ad0                UsageFault_Handler
 .text.SVC_Handler
                0x0000000008000ad2        0x2 build/stm32l4xx_it.o
                0x0000000008000ad2                SVC_Handler
 .text.DebugMon_Handler
                0x0000000008000ad4        0x2 build/stm32l4xx_it.o
                0x0000000008000ad4                DebugMon_Handler
 .text.PendSV_Handler
                0x0000000008000ad6        0x2 build/stm32l4xx_it.o
                0x0000000008000ad6                PendSV_Handler
 .text.SysTick_Handler
                0x0000000008000ad8        0x8 build/stm32l4xx_it.o
                0x0000000008000ad8                SysTick_Handler
 .text.OTG_FS_IRQHandler
                0x0000000008000ae0       0x10 build/stm32l4xx_it.o
                0x0000000008000ae0                OTG_FS_IRQHandler
 .text.HAL_MspInit
                0x0000000008000af0       0x30 build/stm32l4xx_hal_msp.o
                0x0000000008000af0                HAL_MspInit
 .text.HAL_I2C_MspInit
                0x0000000008000b20       0xbc build/stm32l4xx_hal_msp.o
                0x0000000008000b20                HAL_I2C_MspInit
 .text.HAL_LCD_MspInit
                0x0000000008000bdc       0xe8 build/stm32l4xx_hal_msp.o
                0x0000000008000bdc                HAL_LCD_MspInit
 .text.HAL_QSPI_MspInit
                0x0000000008000cc4       0x70 build/stm32l4xx_hal_msp.o
                0x0000000008000cc4                HAL_QSPI_MspInit
 .text.HAL_SPI_MspInit
                0x0000000008000d34       0x68 build/stm32l4xx_hal_msp.o
                0x0000000008000d34                HAL_SPI_MspInit
 .text.HAL_UART_MspInit
                0x0000000008000d9c       0x6c build/stm32l4xx_hal_msp.o
                0x0000000008000d9c                HAL_UART_MspInit
 .text.HAL_HCD_MspInit
                0x0000000008000e08       0xa0 build/stm32l4xx_hal_msp.o
                0x0000000008000e08                HAL_HCD_MspInit
 .text.HAL_SAI_MspInit
                0x0000000008000ea8       0xcc build/stm32l4xx_hal_msp.o
                0x0000000008000ea8                HAL_SAI_MspInit
 .text.HAL_I2C_Init
                0x0000000008000f74       0xbc build/stm32l4xx_hal_i2c.o
                0x0000000008000f74                HAL_I2C_Init
 .text.HAL_I2CEx_ConfigAnalogFilter
                0x0000000008001030       0x5c build/stm32l4xx_hal_i2c_ex.o
                0x0000000008001030                HAL_I2CEx_ConfigAnalogFilter
 .text.HAL_I2CEx_ConfigDigitalFilter
                0x000000000800108c       0x58 build/stm32l4xx_hal_i2c_ex.o
                0x000000000800108c                HAL_I2CEx_ConfigDigitalFilter
 .text.LCD_WaitForSynchro
                0x00000000080010e4       0x2c build/stm32l4xx_hal_lcd.o
                0x00000000080010e4                LCD_WaitForSynchro
 .text.HAL_LCD_Init
                0x0000000008001110      0x100 build/stm32l4xx_hal_lcd.o
                0x0000000008001110                HAL_LCD_Init
 .text.QSPI_WaitFlagStateUntilTimeout
                0x0000000008001210       0x4c build/stm32l4xx_hal_qspi.o
 .text.HAL_QSPI_SetTimeout
                0x000000000800125c        0x4 build/stm32l4xx_hal_qspi.o
                0x000000000800125c                HAL_QSPI_SetTimeout
 .text.HAL_QSPI_Init
                0x0000000008001260       0xc0 build/stm32l4xx_hal_qspi.o
                0x0000000008001260                HAL_QSPI_Init
 .text.SAI_Disable
                0x0000000008001320       0x44 build/stm32l4xx_hal_sai.o
 .text.HAL_SAI_Init
                0x0000000008001364      0x1d4 build/stm32l4xx_hal_sai.o
                0x0000000008001364                HAL_SAI_Init
 .text.HAL_SPI_Init
                0x0000000008001538       0xb0 build/stm32l4xx_hal_spi.o
                0x0000000008001538                HAL_SPI_Init
 .text.UART_SetConfig
                0x00000000080015e8      0x424 build/stm32l4xx_hal_uart.o
                0x00000000080015e8                UART_SetConfig
 .text.UART_AdvFeatureConfig
                0x0000000008001a0c       0xca build/stm32l4xx_hal_uart.o
                0x0000000008001a0c                UART_AdvFeatureConfig
 .text.UART_WaitOnFlagUntilTimeout
                0x0000000008001ad6       0x62 build/stm32l4xx_hal_uart.o
                0x0000000008001ad6                UART_WaitOnFlagUntilTimeout
 .text.UART_CheckIdleState
                0x0000000008001b38       0x70 build/stm32l4xx_hal_uart.o
                0x0000000008001b38                UART_CheckIdleState
 .text.HAL_UART_Init
                0x0000000008001ba8       0x66 build/stm32l4xx_hal_uart.o
                0x0000000008001ba8                HAL_UART_Init
 *fill*         0x0000000008001c0e        0x2 
 .text.HCD_RXQLVL_IRQHandler
                0x0000000008001c10       0x7c build/stm32l4xx_hal_hcd.o
 .text.HAL_HCD_Init
                0x0000000008001c8c       0x84 build/stm32l4xx_hal_hcd.o
                0x0000000008001c8c                HAL_HCD_Init
 .text.HAL_HCD_SOF_Callback
                0x0000000008001d10        0x2 build/stm32l4xx_hal_hcd.o
                0x0000000008001d10                HAL_HCD_SOF_Callback
 .text.HAL_HCD_Connect_Callback
                0x0000000008001d12        0x2 build/stm32l4xx_hal_hcd.o
                0x0000000008001d12                HAL_HCD_Connect_Callback
 .text.HAL_HCD_Disconnect_Callback
                0x0000000008001d14        0x2 build/stm32l4xx_hal_hcd.o
                0x0000000008001d14                HAL_HCD_Disconnect_Callback
 .text.HAL_HCD_PortEnabled_Callback
                0x0000000008001d16        0x2 build/stm32l4xx_hal_hcd.o
                0x0000000008001d16                HAL_HCD_PortEnabled_Callback
 .text.HAL_HCD_PortDisabled_Callback
                0x0000000008001d18        0x2 build/stm32l4xx_hal_hcd.o
                0x0000000008001d18                HAL_HCD_PortDisabled_Callback
 .text.HCD_Port_IRQHandler
                0x0000000008001d1a       0xd4 build/stm32l4xx_hal_hcd.o
 .text.HAL_HCD_HC_NotifyURBChange_Callback
                0x0000000008001dee        0x2 build/stm32l4xx_hal_hcd.o
                0x0000000008001dee                HAL_HCD_HC_NotifyURBChange_Callback
 .text.HCD_HC_IN_IRQHandler
                0x0000000008001df0      0x2bc build/stm32l4xx_hal_hcd.o
 .text.HCD_HC_OUT_IRQHandler
                0x00000000080020ac      0x2b2 build/stm32l4xx_hal_hcd.o
 .text.HAL_HCD_IRQHandler
                0x000000000800235e      0x148 build/stm32l4xx_hal_hcd.o
                0x000000000800235e                HAL_HCD_IRQHandler
 *fill*         0x00000000080024a6        0x2 
 .text.USB_CoreReset
                0x00000000080024a8       0x3c build/stm32l4xx_ll_usb.o
 .text.USB_CoreInit
                0x00000000080024e4       0x64 build/stm32l4xx_ll_usb.o
                0x00000000080024e4                USB_CoreInit
 .text.USB_DisableGlobalInt
                0x0000000008002548        0xc build/stm32l4xx_ll_usb.o
                0x0000000008002548                USB_DisableGlobalInt
 .text.USB_SetCurrentMode
                0x0000000008002554       0x30 build/stm32l4xx_ll_usb.o
                0x0000000008002554                USB_SetCurrentMode
 .text.USB_FlushTxFifo
                0x0000000008002584       0x28 build/stm32l4xx_ll_usb.o
                0x0000000008002584                USB_FlushTxFifo
 .text.USB_FlushRxFifo
                0x00000000080025ac       0x24 build/stm32l4xx_ll_usb.o
                0x00000000080025ac                USB_FlushRxFifo
 .text.USB_ReadPacket
                0x00000000080025d0       0x28 build/stm32l4xx_ll_usb.o
                0x00000000080025d0                USB_ReadPacket
 .text.USB_ReadInterrupts
                0x00000000080025f8        0x8 build/stm32l4xx_ll_usb.o
                0x00000000080025f8                USB_ReadInterrupts
 .text.USB_GetMode
                0x0000000008002600        0x8 build/stm32l4xx_ll_usb.o
                0x0000000008002600                USB_GetMode
 .text.USB_InitFSLSPClkSel
                0x0000000008002608       0x40 build/stm32l4xx_ll_usb.o
                0x0000000008002608                USB_InitFSLSPClkSel
 .text.USB_DriveVbus
                0x0000000008002648       0x46 build/stm32l4xx_ll_usb.o
                0x0000000008002648                USB_DriveVbus
 *fill*         0x000000000800268e        0x2 
 .text.USB_HostInit
                0x0000000008002690       0xe0 build/stm32l4xx_ll_usb.o
                0x0000000008002690                USB_HostInit
 .text.USB_HC_ReadInterrupt
                0x0000000008002770        0xa build/stm32l4xx_ll_usb.o
                0x0000000008002770                USB_HC_ReadInterrupt
 .text.USB_HC_Halt
                0x000000000800277a       0xd0 build/stm32l4xx_ll_usb.o
                0x000000000800277a                USB_HC_Halt
 *fill*         0x000000000800284a        0x2 
 .text.HAL_InitTick
                0x000000000800284c       0x34 build/stm32l4xx_hal.o
                0x000000000800284c                HAL_InitTick
 .text.HAL_Init
                0x0000000008002880       0x2c build/stm32l4xx_hal.o
                0x0000000008002880                HAL_Init
 .text.HAL_IncTick
                0x00000000080028ac       0x10 build/stm32l4xx_hal.o
                0x00000000080028ac                HAL_IncTick
 .text.HAL_GetTick
                0x00000000080028bc        0xc build/stm32l4xx_hal.o
                0x00000000080028bc                HAL_GetTick
 .text.HAL_Delay
                0x00000000080028c8       0x1e build/stm32l4xx_hal.o
                0x00000000080028c8                HAL_Delay
 *fill*         0x00000000080028e6        0x2 
 .text.RCC_SetFlashLatencyFromMSIRange
                0x00000000080028e8       0x90 build/stm32l4xx_hal_rcc.o
 .text.HAL_RCC_GetSysClockFreq
                0x0000000008002978       0xd8 build/stm32l4xx_hal_rcc.o
                0x0000000008002978                HAL_RCC_GetSysClockFreq
 .text.HAL_RCC_OscConfig
                0x0000000008002a50      0x550 build/stm32l4xx_hal_rcc.o
                0x0000000008002a50                HAL_RCC_OscConfig
 .text.HAL_RCC_ClockConfig
                0x0000000008002fa0      0x154 build/stm32l4xx_hal_rcc.o
                0x0000000008002fa0                HAL_RCC_ClockConfig
 .text.HAL_RCC_GetHCLKFreq
                0x00000000080030f4        0xc build/stm32l4xx_hal_rcc.o
                0x00000000080030f4                HAL_RCC_GetHCLKFreq
 .text.HAL_RCC_GetPCLK1Freq
                0x0000000008003100       0x24 build/stm32l4xx_hal_rcc.o
                0x0000000008003100                HAL_RCC_GetPCLK1Freq
 .text.HAL_RCC_GetPCLK2Freq
                0x0000000008003124       0x24 build/stm32l4xx_hal_rcc.o
                0x0000000008003124                HAL_RCC_GetPCLK2Freq
 .text.RCCEx_GetSAIxPeriphCLKFreq
                0x0000000008003148      0x108 build/stm32l4xx_hal_rcc_ex.o
 .text.RCCEx_PLLSAI1_Config
                0x0000000008003250      0x170 build/stm32l4xx_hal_rcc_ex.o
 .text.RCCEx_PLLSAI2_Config
                0x00000000080033c0      0x14c build/stm32l4xx_hal_rcc_ex.o
 .text.HAL_RCCEx_PeriphCLKConfig
                0x000000000800350c      0x450 build/stm32l4xx_hal_rcc_ex.o
                0x000000000800350c                HAL_RCCEx_PeriphCLKConfig
 .text.HAL_RCCEx_GetPeriphCLKFreq
                0x000000000800395c      0x748 build/stm32l4xx_hal_rcc_ex.o
                0x000000000800395c                HAL_RCCEx_GetPeriphCLKFreq
 .text.HAL_RCCEx_EnableMSIPLLMode
                0x00000000080040a4       0x10 build/stm32l4xx_hal_rcc_ex.o
                0x00000000080040a4                HAL_RCCEx_EnableMSIPLLMode
 .text.HAL_GPIO_Init
                0x00000000080040b4      0x1d4 build/stm32l4xx_hal_gpio.o
                0x00000000080040b4                HAL_GPIO_Init
 .text.HAL_GPIO_WritePin
                0x0000000008004288        0xa build/stm32l4xx_hal_gpio.o
                0x0000000008004288                HAL_GPIO_WritePin
 *fill*         0x0000000008004292        0x2 
 .text.HAL_PWR_EnableBkUpAccess
                0x0000000008004294       0x10 build/stm32l4xx_hal_pwr.o
                0x0000000008004294                HAL_PWR_EnableBkUpAccess
 .text.HAL_PWREx_GetVoltageRange
                0x00000000080042a4       0x10 build/stm32l4xx_hal_pwr_ex.o
                0x00000000080042a4                HAL_PWREx_GetVoltageRange
 .text.HAL_PWREx_ControlVoltageScaling
                0x00000000080042b4       0x90 build/stm32l4xx_hal_pwr_ex.o
                0x00000000080042b4                HAL_PWREx_ControlVoltageScaling
 .text.HAL_PWREx_EnableVddUSB
                0x0000000008004344       0x10 build/stm32l4xx_hal_pwr_ex.o
                0x0000000008004344                HAL_PWREx_EnableVddUSB
 .text.HAL_NVIC_SetPriorityGrouping
                0x0000000008004354       0x24 build/stm32l4xx_hal_cortex.o
                0x0000000008004354                HAL_NVIC_SetPriorityGrouping
 .text.HAL_NVIC_SetPriority
                0x0000000008004378       0x68 build/stm32l4xx_hal_cortex.o
                0x0000000008004378                HAL_NVIC_SetPriority
 .text.HAL_NVIC_EnableIRQ
                0x00000000080043e0       0x18 build/stm32l4xx_hal_cortex.o
                0x00000000080043e0                HAL_NVIC_EnableIRQ
 .text.HAL_SYSTICK_Config
                0x00000000080043f8       0x2c build/stm32l4xx_hal_cortex.o
                0x00000000080043f8                HAL_SYSTICK_Config
 .text.SystemInit
                0x0000000008004424       0x48 build/system_stm32l4xx.o
                0x0000000008004424                SystemInit
 .text.Reset_Handler
                0x000000000800446c       0x50 build/startup_stm32l476xx.o
                0x000000000800446c                Reset_Handler
 .text.Default_Handler
                0x00000000080044bc        0x2 build/startup_stm32l476xx.o
                0x00000000080044bc                RTC_Alarm_IRQHandler
                0x00000000080044bc                EXTI2_IRQHandler
                0x00000000080044bc                TIM8_TRG_COM_IRQHandler
                0x00000000080044bc                TIM8_CC_IRQHandler
                0x00000000080044bc                TIM1_CC_IRQHandler
                0x00000000080044bc                TSC_IRQHandler
                0x00000000080044bc                TAMP_STAMP_IRQHandler
                0x00000000080044bc                EXTI3_IRQHandler
                0x00000000080044bc                LPTIM2_IRQHandler
                0x00000000080044bc                DFSDM1_FLT1_IRQHandler
                0x00000000080044bc                I2C3_ER_IRQHandler
                0x00000000080044bc                DFSDM1_FLT2_IRQHandler
                0x00000000080044bc                EXTI0_IRQHandler
                0x00000000080044bc                I2C2_EV_IRQHandler
                0x00000000080044bc                CAN1_RX0_IRQHandler
                0x00000000080044bc                FPU_IRQHandler
                0x00000000080044bc                TIM1_UP_TIM16_IRQHandler
                0x00000000080044bc                ADC1_2_IRQHandler
                0x00000000080044bc                SPI1_IRQHandler
                0x00000000080044bc                TIM6_DAC_IRQHandler
                0x00000000080044bc                TIM8_UP_IRQHandler
                0x00000000080044bc                DMA2_Channel2_IRQHandler
                0x00000000080044bc                DMA1_Channel4_IRQHandler
                0x00000000080044bc                SAI2_IRQHandler
                0x00000000080044bc                DFSDM1_FLT3_IRQHandler
                0x00000000080044bc                USART3_IRQHandler
                0x00000000080044bc                DMA1_Channel7_IRQHandler
                0x00000000080044bc                CAN1_RX1_IRQHandler
                0x00000000080044bc                LCD_IRQHandler
                0x00000000080044bc                UART5_IRQHandler
                0x00000000080044bc                ADC3_IRQHandler
                0x00000000080044bc                TIM4_IRQHandler
                0x00000000080044bc                DMA2_Channel1_IRQHandler
                0x00000000080044bc                QUADSPI_IRQHandler
                0x00000000080044bc                I2C1_EV_IRQHandler
                0x00000000080044bc                DMA1_Channel6_IRQHandler
                0x00000000080044bc                UART4_IRQHandler
                0x00000000080044bc                DMA2_Channel4_IRQHandler
                0x00000000080044bc                TIM3_IRQHandler
                0x00000000080044bc                RCC_IRQHandler
                0x00000000080044bc                DMA1_Channel1_IRQHandler
                0x00000000080044bc                Default_Handler
                0x00000000080044bc                DMA2_Channel7_IRQHandler
                0x00000000080044bc                EXTI15_10_IRQHandler
                0x00000000080044bc                TIM7_IRQHandler
                0x00000000080044bc                SDMMC1_IRQHandler
                0x00000000080044bc                TIM5_IRQHandler
                0x00000000080044bc                I2C3_EV_IRQHandler
                0x00000000080044bc                EXTI9_5_IRQHandler
                0x00000000080044bc                RTC_WKUP_IRQHandler
                0x00000000080044bc                PVD_PVM_IRQHandler
                0x00000000080044bc                SPI2_IRQHandler
                0x00000000080044bc                CAN1_TX_IRQHandler
                0x00000000080044bc                DMA2_Channel5_IRQHandler
                0x00000000080044bc                DMA1_Channel5_IRQHandler
                0x00000000080044bc                EXTI4_IRQHandler
                0x00000000080044bc                RNG_IRQHandler
                0x00000000080044bc                TIM1_TRG_COM_TIM17_IRQHandler
                0x00000000080044bc                DMA1_Channel3_IRQHandler
                0x00000000080044bc                COMP_IRQHandler
                0x00000000080044bc                WWDG_IRQHandler
                0x00000000080044bc                LPUART1_IRQHandler
                0x00000000080044bc                DMA2_Channel6_IRQHandler
                0x00000000080044bc                TIM2_IRQHandler
                0x00000000080044bc                EXTI1_IRQHandler
                0x00000000080044bc                USART2_IRQHandler
                0x00000000080044bc                DFSDM1_FLT0_IRQHandler
                0x00000000080044bc                I2C2_ER_IRQHandler
                0x00000000080044bc                DMA1_Channel2_IRQHandler
                0x00000000080044bc                TIM8_BRK_IRQHandler
                0x00000000080044bc                CAN1_SCE_IRQHandler
                0x00000000080044bc                FLASH_IRQHandler
                0x00000000080044bc                USART1_IRQHandler
                0x00000000080044bc                SPI3_IRQHandler
                0x00000000080044bc                I2C1_ER_IRQHandler
                0x00000000080044bc                FMC_IRQHandler
                0x00000000080044bc                SWPMI1_IRQHandler
                0x00000000080044bc                LPTIM1_IRQHandler
                0x00000000080044bc                SAI1_IRQHandler
                0x00000000080044bc                DMA2_Channel3_IRQHandler
                0x00000000080044bc                TIM1_BRK_TIM15_IRQHandler
 *(.glue_7)
 .glue_7        0x00000000080044be        0x0 linker stubs
 *(.glue_7t)
 .glue_7t       0x00000000080044be        0x0 linker stubs
 *(.eh_frame)
 *fill*         0x00000000080044be        0x2 
 .eh_frame      0x00000000080044c0        0x0 /usr/lib/gcc/arm-none-eabi/7.3.1/thumb/v7e-m/fpv4-sp/hard/crtbegin.o
 *(.init)
 .init          0x00000000080044c0        0x4 /usr/lib/gcc/arm-none-eabi/7.3.1/thumb/v7e-m/fpv4-sp/hard/crti.o
                0x00000000080044c0                _init
 .init          0x00000000080044c4        0x8 /usr/lib/gcc/arm-none-eabi/7.3.1/thumb/v7e-m/fpv4-sp/hard/crtn.o
 *(.fini)
 .fini          0x00000000080044cc        0x4 /usr/lib/gcc/arm-none-eabi/7.3.1/thumb/v7e-m/fpv4-sp/hard/crti.o
                0x00000000080044cc                _fini
 .fini          0x00000000080044d0        0x8 /usr/lib/gcc/arm-none-eabi/7.3.1/thumb/v7e-m/fpv4-sp/hard/crtn.o
                0x00000000080044d8                . = ALIGN (0x8)
                0x00000000080044d8                _etext = .

.vfp11_veneer   0x00000000080044d8        0x0
 .vfp11_veneer  0x00000000080044d8        0x0 linker stubs

.v4_bx          0x00000000080044d8        0x0
 .v4_bx         0x00000000080044d8        0x0 linker stubs

.iplt           0x00000000080044d8        0x0
 .iplt          0x00000000080044d8        0x0 /usr/lib/gcc/arm-none-eabi/7.3.1/thumb/v7e-m/fpv4-sp/hard/crtbegin.o

.rodata         0x00000000080044d8       0x48
                0x00000000080044d8                . = ALIGN (0x8)
 *(.rodata)
 *(.rodata*)
 .rodata.AHBPrescTable
                0x00000000080044d8       0x10 build/system_stm32l4xx.o
                0x00000000080044d8                AHBPrescTable
 .rodata.APBPrescTable
                0x00000000080044e8        0x8 build/system_stm32l4xx.o
                0x00000000080044e8                APBPrescTable
 .rodata.MSIRangeTable
                0x00000000080044f0       0x30 build/system_stm32l4xx.o
                0x00000000080044f0                MSIRangeTable
                0x0000000008004520                . = ALIGN (0x8)

.ARM.extab      0x0000000008004520        0x0
                0x0000000008004520                . = ALIGN (0x8)
 *(.ARM.extab* .gnu.linkonce.armextab.*)
                0x0000000008004520                . = ALIGN (0x8)

.ARM            0x0000000008004520        0x8
                0x0000000008004520                . = ALIGN (0x8)
                0x0000000008004520                __exidx_start = .
 *(.ARM.exidx*)
 .ARM.exidx     0x0000000008004520        0x8 /usr/lib/gcc/arm-none-eabi/7.3.1/thumb/v7e-m/fpv4-sp/hard/libgcc.a(_udivmoddi4.o)
                0x0000000008004528                __exidx_end = .
                0x0000000008004528                . = ALIGN (0x8)

.rel.dyn        0x0000000008004528        0x0
 .rel.iplt      0x0000000008004528        0x0 /usr/lib/gcc/arm-none-eabi/7.3.1/thumb/v7e-m/fpv4-sp/hard/crtbegin.o

.preinit_array  0x0000000008004528        0x0
                0x0000000008004528                . = ALIGN (0x8)
                0x0000000008004528                PROVIDE (__preinit_array_start = .)
 *(.preinit_array*)
                0x0000000008004528                PROVIDE (__preinit_array_end = .)
                0x0000000008004528                . = ALIGN (0x8)

.init_array     0x0000000008004528        0x8
                0x0000000008004528                . = ALIGN (0x8)
                0x0000000008004528                PROVIDE (__init_array_start = .)
 *(SORT_BY_NAME(.init_array.*))
 *(.init_array*)
 .init_array    0x0000000008004528        0x4 /usr/lib/gcc/arm-none-eabi/7.3.1/thumb/v7e-m/fpv4-sp/hard/crtbegin.o
                0x000000000800452c                PROVIDE (__init_array_end = .)
                0x0000000008004530                . = ALIGN (0x8)
 *fill*         0x000000000800452c        0x4 

.fini_array     0x0000000008004530        0x8
                0x0000000008004530                . = ALIGN (0x8)
                0x0000000008004530                PROVIDE (__fini_array_start = .)
 *(SORT_BY_NAME(.fini_array.*))
 *(.fini_array*)
 .fini_array    0x0000000008004530        0x4 /usr/lib/gcc/arm-none-eabi/7.3.1/thumb/v7e-m/fpv4-sp/hard/crtbegin.o
                0x0000000008004534                PROVIDE (__fini_array_end = .)
                0x0000000008004538                . = ALIGN (0x8)
 *fill*         0x0000000008004534        0x4 
                0x0000000008004538                _sidata = LOADADDR (.data)

.data           0x0000000020000000        0x8 load address 0x0000000008004538
                0x0000000020000000                . = ALIGN (0x8)
                0x0000000020000000                _sdata = .
 *(.data)
 *(.data*)
 .data.SystemCoreClock
                0x0000000020000000        0x4 build/system_stm32l4xx.o
                0x0000000020000000                SystemCoreClock
                0x0000000020000008                . = ALIGN (0x8)
 *fill*         0x0000000020000004        0x4 
                0x0000000020000008                _edata = .

.tm_clone_table
                0x0000000020000008        0x0 load address 0x0000000008004540
 .tm_clone_table
                0x0000000020000008        0x0 /usr/lib/gcc/arm-none-eabi/7.3.1/thumb/v7e-m/fpv4-sp/hard/crtbegin.o
 .tm_clone_table
                0x0000000020000008        0x0 /usr/lib/gcc/arm-none-eabi/7.3.1/thumb/v7e-m/fpv4-sp/hard/crtend.o

.igot.plt       0x0000000020000008        0x0 load address 0x0000000008004540
 .igot.plt      0x0000000020000008        0x0 /usr/lib/gcc/arm-none-eabi/7.3.1/thumb/v7e-m/fpv4-sp/hard/crtbegin.o
                0x0000000020000008                . = ALIGN (0x4)

.bss            0x0000000020000008      0x5e4 load address 0x0000000008004540
                0x0000000020000008                _sbss = .
                0x0000000020000008                __bss_start__ = _sbss
 *(.bss)
 .bss           0x0000000020000008       0x1c /usr/lib/gcc/arm-none-eabi/7.3.1/thumb/v7e-m/fpv4-sp/hard/crtbegin.o
 *(.bss*)
 .bss.SAI1_client
                0x0000000020000024        0x4 build/stm32l4xx_hal_msp.o
 *(COMMON)
 COMMON         0x0000000020000028      0x5c0 build/main.o
                0x0000000020000028                hspi2
                0x000000002000008c                hi2c1
                0x00000000200000d8                hi2c2
                0x0000000020000124                hsai_BlockB1
                0x00000000200001a8                hlcd
                0x00000000200001e4                hhcd_USB_OTG_FS
                0x00000000200004a8                hsai_BlockA1
                0x000000002000052c                huart2
                0x00000000200005a4                hqspi
 COMMON         0x00000000200005e8        0x4 build/stm32l4xx_hal.o
                0x00000000200005e8                uwTick
                0x00000000200005ec                . = ALIGN (0x4)
                0x00000000200005ec                _ebss = .
                0x00000000200005ec                __bss_end__ = _ebss

._user_heap_stack
                0x00000000200005ec      0x604 load address 0x0000000008004540
                0x00000000200005f0                . = ALIGN (0x8)
 *fill*         0x00000000200005ec        0x4 
                [!provide]                        PROVIDE (end = .)
                [!provide]                        PROVIDE (_end = .)
                0x00000000200007f0                . = (. + _Min_Heap_Size)
 *fill*         0x00000000200005f0      0x200 
                0x0000000020000bf0                . = (. + _Min_Stack_Size)
 *fill*         0x00000000200007f0      0x400 
                0x0000000020000bf0                . = ALIGN (0x8)

/DISCARD/
 libc.a(*)
 libm.a(*)
 libgcc.a(*)

.ARM.attributes
                0x0000000000000000       0x30
 *(.ARM.attributes)
 .ARM.attributes
                0x0000000000000000       0x22 /usr/lib/gcc/arm-none-eabi/7.3.1/thumb/v7e-m/fpv4-sp/hard/crti.o
 .ARM.attributes
                0x0000000000000022       0x34 /usr/lib/gcc/arm-none-eabi/7.3.1/thumb/v7e-m/fpv4-sp/hard/crtbegin.o
 .ARM.attributes
                0x0000000000000056       0x39 build/main.o
 .ARM.attributes
                0x000000000000008f       0x39 build/stm32l4xx_it.o
 .ARM.attributes
                0x00000000000000c8       0x39 build/stm32l4xx_hal_msp.o
 .ARM.attributes
                0x0000000000000101       0x39 build/stm32l4xx_hal_i2c.o
 .ARM.attributes
                0x000000000000013a       0x39 build/stm32l4xx_hal_i2c_ex.o
 .ARM.attributes
                0x0000000000000173       0x39 build/stm32l4xx_hal_lcd.o
 .ARM.attributes
                0x00000000000001ac       0x39 build/stm32l4xx_hal_qspi.o
 .ARM.attributes
                0x00000000000001e5       0x39 build/stm32l4xx_hal_sai.o
 .ARM.attributes
                0x000000000000021e       0x39 build/stm32l4xx_hal_spi.o
 .ARM.attributes
                0x0000000000000257       0x39 build/stm32l4xx_hal_uart.o
 .ARM.attributes
                0x0000000000000290       0x39 build/stm32l4xx_hal_hcd.o
 .ARM.attributes
                0x00000000000002c9       0x39 build/stm32l4xx_ll_usb.o
 .ARM.attributes
                0x0000000000000302       0x39 build/stm32l4xx_hal.o
 .ARM.attributes
                0x000000000000033b       0x39 build/stm32l4xx_hal_rcc.o
 .ARM.attributes
                0x0000000000000374       0x39 build/stm32l4xx_hal_rcc_ex.o
 .ARM.attributes
                0x00000000000003ad       0x39 build/stm32l4xx_hal_gpio.o
 .ARM.attributes
                0x00000000000003e6       0x39 build/stm32l4xx_hal_pwr.o
 .ARM.attributes
                0x000000000000041f       0x39 build/stm32l4xx_hal_pwr_ex.o
 .ARM.attributes
                0x0000000000000458       0x39 build/stm32l4xx_hal_cortex.o
 .ARM.attributes
                0x0000000000000491       0x39 build/system_stm32l4xx.o
 .ARM.attributes
                0x00000000000004ca       0x21 build/startup_stm32l476xx.o
 .ARM.attributes
                0x00000000000004eb       0x34 /usr/lib/gcc/arm-none-eabi/7.3.1/../../../arm-none-eabi/lib/thumb/v7e-m/fpv4-sp/hard/libc_nano.a(lib_a-init.o)
 .ARM.attributes
                0x000000000000051f       0x34 /usr/lib/gcc/arm-none-eabi/7.3.1/../../../arm-none-eabi/lib/thumb/v7e-m/fpv4-sp/hard/libc_nano.a(lib_a-memset.o)
 .ARM.attributes
                0x0000000000000553       0x22 /usr/lib/gcc/arm-none-eabi/7.3.1/thumb/v7e-m/fpv4-sp/hard/libgcc.a(_aeabi_uldivmod.o)
 .ARM.attributes
                0x0000000000000575       0x34 /usr/lib/gcc/arm-none-eabi/7.3.1/thumb/v7e-m/fpv4-sp/hard/libgcc.a(_udivmoddi4.o)
 .ARM.attributes
                0x00000000000005a9       0x22 /usr/lib/gcc/arm-none-eabi/7.3.1/thumb/v7e-m/fpv4-sp/hard/libgcc.a(_dvmd_tls.o)
 .ARM.attributes
                0x00000000000005cb       0x34 /usr/lib/gcc/arm-none-eabi/7.3.1/thumb/v7e-m/fpv4-sp/hard/crtend.o
 .ARM.attributes
                0x00000000000005ff       0x22 /usr/lib/gcc/arm-none-eabi/7.3.1/thumb/v7e-m/fpv4-sp/hard/crtn.o
OUTPUT(build/Project.elf elf32-littlearm)

.comment        0x0000000000000000       0xae
 .comment       0x0000000000000000       0x57 /usr/lib/gcc/arm-none-eabi/7.3.1/thumb/v7e-m/fpv4-sp/hard/crtbegin.o
                                         0x58 (size before relaxing)
 .comment       0x0000000000000057       0x58 build/main.o
 .comment       0x0000000000000057       0x58 build/stm32l4xx_it.o
 .comment       0x0000000000000057       0x58 build/stm32l4xx_hal_msp.o
 .comment       0x0000000000000057       0x58 build/stm32l4xx_hal_i2c.o
 .comment       0x0000000000000057       0x58 build/stm32l4xx_hal_i2c_ex.o
 .comment       0x0000000000000057       0x58 build/stm32l4xx_hal_lcd.o
 .comment       0x0000000000000057       0x58 build/stm32l4xx_hal_qspi.o
 .comment       0x0000000000000057       0x58 build/stm32l4xx_hal_sai.o
 .comment       0x0000000000000057       0x58 build/stm32l4xx_hal_spi.o
 .comment       0x0000000000000057       0x58 build/stm32l4xx_hal_uart.o
 .comment       0x0000000000000057       0x58 build/stm32l4xx_hal_hcd.o
 .comment       0x0000000000000057       0x58 build/stm32l4xx_ll_usb.o
 .comment       0x0000000000000057       0x58 build/stm32l4xx_hal.o
 .comment       0x0000000000000057       0x58 build/stm32l4xx_hal_rcc.o
 .comment       0x0000000000000057       0x58 build/stm32l4xx_hal_rcc_ex.o
 .comment       0x0000000000000057       0x58 build/stm32l4xx_hal_gpio.o
 .comment       0x0000000000000057       0x58 build/stm32l4xx_hal_pwr.o
 .comment       0x0000000000000057       0x58 build/stm32l4xx_hal_pwr_ex.o
 .comment       0x0000000000000057       0x58 build/stm32l4xx_hal_cortex.o
 .comment       0x0000000000000057       0x58 build/system_stm32l4xx.o
 .comment       0x0000000000000057       0x57 /usr/lib/gcc/arm-none-eabi/7.3.1/../../../arm-none-eabi/lib/thumb/v7e-m/fpv4-sp/hard/libc_nano.a(lib_a-init.o)
                                         0x58 (size before relaxing)
 .comment       0x00000000000000ae       0x58 /usr/lib/gcc/arm-none-eabi/7.3.1/../../../arm-none-eabi/lib/thumb/v7e-m/fpv4-sp/hard/libc_nano.a(lib_a-memset.o)
 .comment       0x00000000000000ae       0x58 /usr/lib/gcc/arm-none-eabi/7.3.1/thumb/v7e-m/fpv4-sp/hard/libgcc.a(_udivmoddi4.o)
 .comment       0x00000000000000ae       0x58 /usr/lib/gcc/arm-none-eabi/7.3.1/thumb/v7e-m/fpv4-sp/hard/crtend.o

.debug_info     0x0000000000000000    0x1c8df
 .debug_info    0x0000000000000000     0x29c4 build/main.o
 .debug_info    0x00000000000029c4      0x800 build/stm32l4xx_it.o
 .debug_info    0x00000000000031c4     0x28f0 build/stm32l4xx_hal_msp.o
 .debug_info    0x0000000000005ab4     0x3a97 build/stm32l4xx_hal_i2c.o
 .debug_info    0x000000000000954b      0xb40 build/stm32l4xx_hal_i2c_ex.o
 .debug_info    0x000000000000a08b      0x6db build/stm32l4xx_hal_lcd.o
 .debug_info    0x000000000000a766     0x1831 build/stm32l4xx_hal_qspi.o
 .debug_info    0x000000000000bf97     0x185f build/stm32l4xx_hal_sai.o
 .debug_info    0x000000000000d7f6     0x1f61 build/stm32l4xx_hal_spi.o
 .debug_info    0x000000000000f757     0x1def build/stm32l4xx_hal_uart.o
 .debug_info    0x0000000000011546     0x1458 build/stm32l4xx_hal_hcd.o
 .debug_info    0x000000000001299e     0x1c26 build/stm32l4xx_ll_usb.o
 .debug_info    0x00000000000145c4      0xd26 build/stm32l4xx_hal.o
 .debug_info    0x00000000000152ea      0xf5c build/stm32l4xx_hal_rcc.o
 .debug_info    0x0000000000016246     0x12f3 build/stm32l4xx_hal_rcc_ex.o
 .debug_info    0x0000000000017539      0x928 build/stm32l4xx_hal_gpio.o
 .debug_info    0x0000000000017e61      0xb22 build/stm32l4xx_hal_pwr.o
 .debug_info    0x0000000000018983      0xc0d build/stm32l4xx_hal_pwr_ex.o
 .debug_info    0x0000000000019590     0x1052 build/stm32l4xx_hal_cortex.o
 .debug_info    0x000000000001a5e2      0x65e build/system_stm32l4xx.o
 .debug_info    0x000000000001ac40       0x22 build/startup_stm32l476xx.o
 .debug_info    0x000000000001ac62      0x109 /usr/lib/gcc/arm-none-eabi/7.3.1/../../../arm-none-eabi/lib/thumb/v7e-m/fpv4-sp/hard/libc_nano.a(lib_a-init.o)
 .debug_info    0x000000000001ad6b      0xe1d /usr/lib/gcc/arm-none-eabi/7.3.1/../../../arm-none-eabi/lib/thumb/v7e-m/fpv4-sp/hard/libc_nano.a(lib_a-memset.o)
 .debug_info    0x000000000001bb88       0x26 /usr/lib/gcc/arm-none-eabi/7.3.1/thumb/v7e-m/fpv4-sp/hard/libgcc.a(_aeabi_uldivmod.o)
 .debug_info    0x000000000001bbae      0xd0b /usr/lib/gcc/arm-none-eabi/7.3.1/thumb/v7e-m/fpv4-sp/hard/libgcc.a(_udivmoddi4.o)
 .debug_info    0x000000000001c8b9       0x26 /usr/lib/gcc/arm-none-eabi/7.3.1/thumb/v7e-m/fpv4-sp/hard/libgcc.a(_dvmd_tls.o)

.debug_abbrev   0x0000000000000000     0x30f8
 .debug_abbrev  0x0000000000000000      0x275 build/main.o
 .debug_abbrev  0x0000000000000275      0x166 build/stm32l4xx_it.o
 .debug_abbrev  0x00000000000003db      0x223 build/stm32l4xx_hal_msp.o
 .debug_abbrev  0x00000000000005fe      0x2ab build/stm32l4xx_hal_i2c.o
 .debug_abbrev  0x00000000000008a9      0x1b8 build/stm32l4xx_hal_i2c_ex.o
 .debug_abbrev  0x0000000000000a61      0x1f5 build/stm32l4xx_hal_lcd.o
 .debug_abbrev  0x0000000000000c56      0x272 build/stm32l4xx_hal_qspi.o
 .debug_abbrev  0x0000000000000ec8      0x280 build/stm32l4xx_hal_sai.o
 .debug_abbrev  0x0000000000001148      0x26e build/stm32l4xx_hal_spi.o
 .debug_abbrev  0x00000000000013b6      0x282 build/stm32l4xx_hal_uart.o
 .debug_abbrev  0x0000000000001638      0x299 build/stm32l4xx_hal_hcd.o
 .debug_abbrev  0x00000000000018d1      0x2ca build/stm32l4xx_ll_usb.o
 .debug_abbrev  0x0000000000001b9b      0x216 build/stm32l4xx_hal.o
 .debug_abbrev  0x0000000000001db1      0x262 build/stm32l4xx_hal_rcc.o
 .debug_abbrev  0x0000000000002013      0x280 build/stm32l4xx_hal_rcc_ex.o
 .debug_abbrev  0x0000000000002293      0x213 build/stm32l4xx_hal_gpio.o
 .debug_abbrev  0x00000000000024a6      0x1c5 build/stm32l4xx_hal_pwr.o
 .debug_abbrev  0x000000000000266b      0x216 build/stm32l4xx_hal_pwr_ex.o
 .debug_abbrev  0x0000000000002881      0x30f build/stm32l4xx_hal_cortex.o
 .debug_abbrev  0x0000000000002b90      0x133 build/system_stm32l4xx.o
 .debug_abbrev  0x0000000000002cc3       0x12 build/startup_stm32l476xx.o
 .debug_abbrev  0x0000000000002cd5       0xba /usr/lib/gcc/arm-none-eabi/7.3.1/../../../arm-none-eabi/lib/thumb/v7e-m/fpv4-sp/hard/libc_nano.a(lib_a-init.o)
 .debug_abbrev  0x0000000000002d8f      0x1a8 /usr/lib/gcc/arm-none-eabi/7.3.1/../../../arm-none-eabi/lib/thumb/v7e-m/fpv4-sp/hard/libc_nano.a(lib_a-memset.o)
 .debug_abbrev  0x0000000000002f37       0x14 /usr/lib/gcc/arm-none-eabi/7.3.1/thumb/v7e-m/fpv4-sp/hard/libgcc.a(_aeabi_uldivmod.o)
 .debug_abbrev  0x0000000000002f4b      0x199 /usr/lib/gcc/arm-none-eabi/7.3.1/thumb/v7e-m/fpv4-sp/hard/libgcc.a(_udivmoddi4.o)
 .debug_abbrev  0x00000000000030e4       0x14 /usr/lib/gcc/arm-none-eabi/7.3.1/thumb/v7e-m/fpv4-sp/hard/libgcc.a(_dvmd_tls.o)

.debug_loc      0x0000000000000000    0x14769
 .debug_loc     0x0000000000000000      0x192 build/main.o
 .debug_loc     0x0000000000000192       0x40 build/stm32l4xx_it.o
 .debug_loc     0x00000000000001d2      0x645 build/stm32l4xx_hal_msp.o
 .debug_loc     0x0000000000000817     0x5051 build/stm32l4xx_hal_i2c.o
 .debug_loc     0x0000000000005868      0x25c build/stm32l4xx_hal_i2c_ex.o
 .debug_loc     0x0000000000005ac4      0x4b2 build/stm32l4xx_hal_lcd.o
 .debug_loc     0x0000000000005f76     0x1675 build/stm32l4xx_hal_qspi.o
 .debug_loc     0x00000000000075eb     0x17ae build/stm32l4xx_hal_sai.o
 .debug_loc     0x0000000000008d99     0x218f build/stm32l4xx_hal_spi.o
 .debug_loc     0x000000000000af28     0x1d6a build/stm32l4xx_hal_uart.o
 .debug_loc     0x000000000000cc92      0xe08 build/stm32l4xx_hal_hcd.o
 .debug_loc     0x000000000000da9a     0x1de3 build/stm32l4xx_ll_usb.o
 .debug_loc     0x000000000000f87d      0x1d4 build/stm32l4xx_hal.o
 .debug_loc     0x000000000000fa51      0x79e build/stm32l4xx_hal_rcc.o
 .debug_loc     0x00000000000101ef     0x1da0 build/stm32l4xx_hal_rcc_ex.o
 .debug_loc     0x0000000000011f8f      0x425 build/stm32l4xx_hal_gpio.o
 .debug_loc     0x00000000000123b4      0x1bd build/stm32l4xx_hal_pwr.o
 .debug_loc     0x0000000000012571      0x980 build/stm32l4xx_hal_pwr_ex.o
 .debug_loc     0x0000000000012ef1      0x65e build/stm32l4xx_hal_cortex.o
 .debug_loc     0x000000000001354f      0x1b8 build/system_stm32l4xx.o
 .debug_loc     0x0000000000013707       0xa2 /usr/lib/gcc/arm-none-eabi/7.3.1/../../../arm-none-eabi/lib/thumb/v7e-m/fpv4-sp/hard/libc_nano.a(lib_a-init.o)
 .debug_loc     0x00000000000137a9      0x175 /usr/lib/gcc/arm-none-eabi/7.3.1/../../../arm-none-eabi/lib/thumb/v7e-m/fpv4-sp/hard/libc_nano.a(lib_a-memset.o)
 .debug_loc     0x000000000001391e      0xe4b /usr/lib/gcc/arm-none-eabi/7.3.1/thumb/v7e-m/fpv4-sp/hard/libgcc.a(_udivmoddi4.o)

.debug_aranges  0x0000000000000000     0x1400
 .debug_aranges
                0x0000000000000000       0x78 build/main.o
 .debug_aranges
                0x0000000000000078       0x68 build/stm32l4xx_it.o
 .debug_aranges
                0x00000000000000e0       0x90 build/stm32l4xx_hal_msp.o
 .debug_aranges
                0x0000000000000170      0x288 build/stm32l4xx_hal_i2c.o
 .debug_aranges
                0x00000000000003f8       0x48 build/stm32l4xx_hal_i2c_ex.o
 .debug_aranges
                0x0000000000000440       0x68 build/stm32l4xx_hal_lcd.o
 .debug_aranges
                0x00000000000004a8      0x160 build/stm32l4xx_hal_qspi.o
 .debug_aranges
                0x0000000000000608      0x178 build/stm32l4xx_hal_sai.o
 .debug_aranges
                0x0000000000000780      0x1d8 build/stm32l4xx_hal_spi.o
 .debug_aranges
                0x0000000000000958      0x1f8 build/stm32l4xx_hal_uart.o
 .debug_aranges
                0x0000000000000b50       0xf0 build/stm32l4xx_hal_hcd.o
 .debug_aranges
                0x0000000000000c40      0x190 build/stm32l4xx_ll_usb.o
 .debug_aranges
                0x0000000000000dd0      0x118 build/stm32l4xx_hal.o
 .debug_aranges
                0x0000000000000ee8       0x88 build/stm32l4xx_hal_rcc.o
 .debug_aranges
                0x0000000000000f70       0xc0 build/stm32l4xx_hal_rcc_ex.o
 .debug_aranges
                0x0000000000001030       0x58 build/stm32l4xx_hal_gpio.o
 .debug_aranges
                0x0000000000001088       0x98 build/stm32l4xx_hal_pwr.o
 .debug_aranges
                0x0000000000001120      0x148 build/stm32l4xx_hal_pwr_ex.o
 .debug_aranges
                0x0000000000001268       0xa8 build/stm32l4xx_hal_cortex.o
 .debug_aranges
                0x0000000000001310       0x28 build/system_stm32l4xx.o
 .debug_aranges
                0x0000000000001338       0x28 build/startup_stm32l476xx.o
 .debug_aranges
                0x0000000000001360       0x20 /usr/lib/gcc/arm-none-eabi/7.3.1/../../../arm-none-eabi/lib/thumb/v7e-m/fpv4-sp/hard/libc_nano.a(lib_a-init.o)
 .debug_aranges
                0x0000000000001380       0x20 /usr/lib/gcc/arm-none-eabi/7.3.1/../../../arm-none-eabi/lib/thumb/v7e-m/fpv4-sp/hard/libc_nano.a(lib_a-memset.o)
 .debug_aranges
                0x00000000000013a0       0x20 /usr/lib/gcc/arm-none-eabi/7.3.1/thumb/v7e-m/fpv4-sp/hard/libgcc.a(_aeabi_uldivmod.o)
 .debug_aranges
                0x00000000000013c0       0x20 /usr/lib/gcc/arm-none-eabi/7.3.1/thumb/v7e-m/fpv4-sp/hard/libgcc.a(_udivmoddi4.o)
 .debug_aranges
                0x00000000000013e0       0x20 /usr/lib/gcc/arm-none-eabi/7.3.1/thumb/v7e-m/fpv4-sp/hard/libgcc.a(_dvmd_tls.o)

.debug_ranges   0x0000000000000000     0x13a8
 .debug_ranges  0x0000000000000000       0x68 build/main.o
 .debug_ranges  0x0000000000000068       0x58 build/stm32l4xx_it.o
 .debug_ranges  0x00000000000000c0       0x80 build/stm32l4xx_hal_msp.o
 .debug_ranges  0x0000000000000140      0x278 build/stm32l4xx_hal_i2c.o
 .debug_ranges  0x00000000000003b8       0x38 build/stm32l4xx_hal_i2c_ex.o
 .debug_ranges  0x00000000000003f0       0x58 build/stm32l4xx_hal_lcd.o
 .debug_ranges  0x0000000000000448      0x150 build/stm32l4xx_hal_qspi.o
 .debug_ranges  0x0000000000000598      0x180 build/stm32l4xx_hal_sai.o
 .debug_ranges  0x0000000000000718      0x1c8 build/stm32l4xx_hal_spi.o
 .debug_ranges  0x00000000000008e0      0x1e8 build/stm32l4xx_hal_uart.o
 .debug_ranges  0x0000000000000ac8       0xe0 build/stm32l4xx_hal_hcd.o
 .debug_ranges  0x0000000000000ba8      0x180 build/stm32l4xx_ll_usb.o
 .debug_ranges  0x0000000000000d28      0x108 build/stm32l4xx_hal.o
 .debug_ranges  0x0000000000000e30       0x90 build/stm32l4xx_hal_rcc.o
 .debug_ranges  0x0000000000000ec0       0xd0 build/stm32l4xx_hal_rcc_ex.o
 .debug_ranges  0x0000000000000f90       0x48 build/stm32l4xx_hal_gpio.o
 .debug_ranges  0x0000000000000fd8       0x88 build/stm32l4xx_hal_pwr.o
 .debug_ranges  0x0000000000001060      0x138 build/stm32l4xx_hal_pwr_ex.o
 .debug_ranges  0x0000000000001198       0xf8 build/stm32l4xx_hal_cortex.o
 .debug_ranges  0x0000000000001290       0x18 build/system_stm32l4xx.o
 .debug_ranges  0x00000000000012a8       0x20 build/startup_stm32l476xx.o
 .debug_ranges  0x00000000000012c8       0xe0 /usr/lib/gcc/arm-none-eabi/7.3.1/thumb/v7e-m/fpv4-sp/hard/libgcc.a(_udivmoddi4.o)

.debug_line     0x0000000000000000     0x89dc
 .debug_line    0x0000000000000000      0x48f build/main.o
 .debug_line    0x000000000000048f      0x21d build/stm32l4xx_it.o
 .debug_line    0x00000000000006ac      0x468 build/stm32l4xx_hal_msp.o
 .debug_line    0x0000000000000b14     0x15e7 build/stm32l4xx_hal_i2c.o
 .debug_line    0x00000000000020fb      0x2e1 build/stm32l4xx_hal_i2c_ex.o
 .debug_line    0x00000000000023dc      0x307 build/stm32l4xx_hal_lcd.o
 .debug_line    0x00000000000026e3      0x849 build/stm32l4xx_hal_qspi.o
 .debug_line    0x0000000000002f2c      0xa29 build/stm32l4xx_hal_sai.o
 .debug_line    0x0000000000003955      0xcf2 build/stm32l4xx_hal_spi.o
 .debug_line    0x0000000000004647      0xd76 build/stm32l4xx_hal_uart.o
 .debug_line    0x00000000000053bd      0x5ba build/stm32l4xx_hal_hcd.o
 .debug_line    0x0000000000005977      0x7ba build/stm32l4xx_ll_usb.o
 .debug_line    0x0000000000006131      0x3e1 build/stm32l4xx_hal.o
 .debug_line    0x0000000000006512      0x530 build/stm32l4xx_hal_rcc.o
 .debug_line    0x0000000000006a42      0x7d4 build/stm32l4xx_hal_rcc_ex.o
 .debug_line    0x0000000000007216      0x2fd build/stm32l4xx_hal_gpio.o
 .debug_line    0x0000000000007513      0x316 build/stm32l4xx_hal_pwr.o
 .debug_line    0x0000000000007829      0x63a build/stm32l4xx_hal_pwr_ex.o
 .debug_line    0x0000000000007e63      0x3be build/stm32l4xx_hal_cortex.o
 .debug_line    0x0000000000008221      0x19a build/system_stm32l4xx.o
 .debug_line    0x00000000000083bb       0x74 build/startup_stm32l476xx.o
 .debug_line    0x000000000000842f       0xbf /usr/lib/gcc/arm-none-eabi/7.3.1/../../../arm-none-eabi/lib/thumb/v7e-m/fpv4-sp/hard/libc_nano.a(lib_a-init.o)
 .debug_line    0x00000000000084ee      0x1c4 /usr/lib/gcc/arm-none-eabi/7.3.1/../../../arm-none-eabi/lib/thumb/v7e-m/fpv4-sp/hard/libc_nano.a(lib_a-memset.o)
 .debug_line    0x00000000000086b2       0x63 /usr/lib/gcc/arm-none-eabi/7.3.1/thumb/v7e-m/fpv4-sp/hard/libgcc.a(_aeabi_uldivmod.o)
 .debug_line    0x0000000000008715      0x264 /usr/lib/gcc/arm-none-eabi/7.3.1/thumb/v7e-m/fpv4-sp/hard/libgcc.a(_udivmoddi4.o)
 .debug_line    0x0000000000008979       0x63 /usr/lib/gcc/arm-none-eabi/7.3.1/thumb/v7e-m/fpv4-sp/hard/libgcc.a(_dvmd_tls.o)

.debug_str      0x0000000000000000     0x7a47
 .debug_str     0x0000000000000000     0x1a58 build/main.o
                                       0x1c2a (size before relaxing)
 .debug_str     0x0000000000001a58       0xd4 build/stm32l4xx_it.o
                                        0x73c (size before relaxing)
 .debug_str     0x0000000000001b2c      0x68e build/stm32l4xx_hal_msp.o
                                       0x1c5f (size before relaxing)
 .debug_str     0x00000000000021ba      0x8ac build/stm32l4xx_hal_i2c.o
                                        0xfd5 (size before relaxing)
 .debug_str     0x0000000000002a66       0xe8 build/stm32l4xx_hal_i2c_ex.o
                                        0x94c (size before relaxing)
 .debug_str     0x0000000000002b4e       0xdb build/stm32l4xx_hal_lcd.o
                                        0x4d1 (size before relaxing)
 .debug_str     0x0000000000002c29      0x4d5 build/stm32l4xx_hal_qspi.o
                                        0xba0 (size before relaxing)
 .debug_str     0x00000000000030fe      0x3dc build/stm32l4xx_hal_sai.o
                                        0xb54 (size before relaxing)
 .debug_str     0x00000000000034da      0x4fa build/stm32l4xx_hal_spi.o
                                        0xbf8 (size before relaxing)
 .debug_str     0x00000000000039d4      0x6bb build/stm32l4xx_hal_uart.o
                                        0xf8f (size before relaxing)
 .debug_str     0x000000000000408f      0x499 build/stm32l4xx_hal_hcd.o
                                        0xb8d (size before relaxing)
 .debug_str     0x0000000000004528      0x4cf build/stm32l4xx_ll_usb.o
                                        0xc9a (size before relaxing)
 .debug_str     0x00000000000049f7      0x3e7 build/stm32l4xx_hal.o
                                        0xceb (size before relaxing)
 .debug_str     0x0000000000004dde      0x208 build/stm32l4xx_hal_rcc.o
                                        0x881 (size before relaxing)
 .debug_str     0x0000000000004fe6      0x2ec build/stm32l4xx_hal_rcc_ex.o
                                        0xb11 (size before relaxing)
 .debug_str     0x00000000000052d2       0xd5 build/stm32l4xx_hal_gpio.o
                                        0x5a4 (size before relaxing)
 .debug_str     0x00000000000053a7      0x2a4 build/stm32l4xx_hal_pwr.o
                                        0x712 (size before relaxing)
 .debug_str     0x000000000000564b      0x3bb build/stm32l4xx_hal_pwr_ex.o
                                        0x83b (size before relaxing)
 .debug_str     0x0000000000005a06      0x345 build/stm32l4xx_hal_cortex.o
                                        0xc4f (size before relaxing)
 .debug_str     0x0000000000005d4b       0x38 build/system_stm32l4xx.o
                                        0x3f2 (size before relaxing)
 .debug_str     0x0000000000005d83       0x24 build/startup_stm32l476xx.o
                                         0x48 (size before relaxing)
 .debug_str     0x0000000000005da7      0x1cc /usr/lib/gcc/arm-none-eabi/7.3.1/../../../arm-none-eabi/lib/thumb/v7e-m/fpv4-sp/hard/libc_nano.a(lib_a-init.o)
                                        0x267 (size before relaxing)
 .debug_str     0x0000000000005f73      0x6eb /usr/lib/gcc/arm-none-eabi/7.3.1/../../../arm-none-eabi/lib/thumb/v7e-m/fpv4-sp/hard/libc_nano.a(lib_a-memset.o)
                                        0x94d (size before relaxing)
 .debug_str     0x000000000000665e       0x79 /usr/lib/gcc/arm-none-eabi/7.3.1/thumb/v7e-m/fpv4-sp/hard/libgcc.a(_aeabi_uldivmod.o)
                                         0x87 (size before relaxing)
 .debug_str     0x00000000000066d7     0x133d /usr/lib/gcc/arm-none-eabi/7.3.1/thumb/v7e-m/fpv4-sp/hard/libgcc.a(_udivmoddi4.o)
                                       0x1421 (size before relaxing)
 .debug_str     0x0000000000007a14       0x33 /usr/lib/gcc/arm-none-eabi/7.3.1/thumb/v7e-m/fpv4-sp/hard/libgcc.a(_dvmd_tls.o)
                                         0x8b (size before relaxing)

.debug_frame    0x0000000000000000     0x3ac8
 .debug_frame   0x0000000000000000      0x188 build/main.o
 .debug_frame   0x0000000000000188       0xc8 build/stm32l4xx_it.o
 .debug_frame   0x0000000000000250      0x1f8 build/stm32l4xx_hal_msp.o
 .debug_frame   0x0000000000000448      0xa40 build/stm32l4xx_hal_i2c.o
 .debug_frame   0x0000000000000e88       0x80 build/stm32l4xx_hal_i2c_ex.o
 .debug_frame   0x0000000000000f08      0x124 build/stm32l4xx_hal_lcd.o
 .debug_frame   0x000000000000102c      0x47c build/stm32l4xx_hal_qspi.o
 .debug_frame   0x00000000000014a8      0x49c build/stm32l4xx_hal_sai.o
 .debug_frame   0x0000000000001944      0x668 build/stm32l4xx_hal_spi.o
 .debug_frame   0x0000000000001fac      0x614 build/stm32l4xx_hal_uart.o
 .debug_frame   0x00000000000025c0      0x300 build/stm32l4xx_hal_hcd.o
 .debug_frame   0x00000000000028c0      0x4cc build/stm32l4xx_ll_usb.o
 .debug_frame   0x0000000000002d8c      0x250 build/stm32l4xx_hal.o
 .debug_frame   0x0000000000002fdc      0x1c0 build/stm32l4xx_hal_rcc.o
 .debug_frame   0x000000000000319c      0x23c build/stm32l4xx_hal_rcc_ex.o
 .debug_frame   0x00000000000033d8       0xec build/stm32l4xx_hal_gpio.o
 .debug_frame   0x00000000000034c4      0x128 build/stm32l4xx_hal_pwr.o
 .debug_frame   0x00000000000035ec      0x27c build/stm32l4xx_hal_pwr_ex.o
 .debug_frame   0x0000000000003868      0x16c build/stm32l4xx_hal_cortex.o
 .debug_frame   0x00000000000039d4       0x30 build/system_stm32l4xx.o
 .debug_frame   0x0000000000003a04       0x2c /usr/lib/gcc/arm-none-eabi/7.3.1/../../../arm-none-eabi/lib/thumb/v7e-m/fpv4-sp/hard/libc_nano.a(lib_a-init.o)
 .debug_frame   0x0000000000003a30       0x38 /usr/lib/gcc/arm-none-eabi/7.3.1/../../../arm-none-eabi/lib/thumb/v7e-m/fpv4-sp/hard/libc_nano.a(lib_a-memset.o)
 .debug_frame   0x0000000000003a68       0x2c /usr/lib/gcc/arm-none-eabi/7.3.1/thumb/v7e-m/fpv4-sp/hard/libgcc.a(_aeabi_uldivmod.o)
 .debug_frame   0x0000000000003a94       0x34 /usr/lib/gcc/arm-none-eabi/7.3.1/thumb/v7e-m/fpv4-sp/hard/libgcc.a(_udivmoddi4.o)

Cross Reference Table

Symbol                                            File
ADC1_2_IRQHandler                                 build/startup_stm32l476xx.o
ADC3_IRQHandler                                   build/startup_stm32l476xx.o
AHBPrescTable                                     build/system_stm32l4xx.o
                                                  build/stm32l4xx_hal_rcc.o
APBPrescTable                                     build/system_stm32l4xx.o
                                                  build/stm32l4xx_hal_rcc.o
BusFault_Handler                                  build/stm32l4xx_it.o
CAN1_RX0_IRQHandler                               build/startup_stm32l476xx.o
CAN1_RX1_IRQHandler                               build/startup_stm32l476xx.o
CAN1_SCE_IRQHandler                               build/startup_stm32l476xx.o
CAN1_TX_IRQHandler                                build/startup_stm32l476xx.o
COMP_IRQHandler                                   build/startup_stm32l476xx.o
DFSDM1_FLT0_IRQHandler                            build/startup_stm32l476xx.o
DFSDM1_FLT1_IRQHandler                            build/startup_stm32l476xx.o
DFSDM1_FLT2_IRQHandler                            build/startup_stm32l476xx.o
DFSDM1_FLT3_IRQHandler                            build/startup_stm32l476xx.o
DMA1_Channel1_IRQHandler                          build/startup_stm32l476xx.o
DMA1_Channel2_IRQHandler                          build/startup_stm32l476xx.o
DMA1_Channel3_IRQHandler                          build/startup_stm32l476xx.o
DMA1_Channel4_IRQHandler                          build/startup_stm32l476xx.o
DMA1_Channel5_IRQHandler                          build/startup_stm32l476xx.o
DMA1_Channel6_IRQHandler                          build/startup_stm32l476xx.o
DMA1_Channel7_IRQHandler                          build/startup_stm32l476xx.o
DMA2_Channel1_IRQHandler                          build/startup_stm32l476xx.o
DMA2_Channel2_IRQHandler                          build/startup_stm32l476xx.o
DMA2_Channel3_IRQHandler                          build/startup_stm32l476xx.o
DMA2_Channel4_IRQHandler                          build/startup_stm32l476xx.o
DMA2_Channel5_IRQHandler                          build/startup_stm32l476xx.o
DMA2_Channel6_IRQHandler                          build/startup_stm32l476xx.o
DMA2_Channel7_IRQHandler                          build/startup_stm32l476xx.o
DebugMon_Handler                                  build/stm32l4xx_it.o
Default_Handler                                   build/startup_stm32l476xx.o
EXTI0_IRQHandler                                  build/startup_stm32l476xx.o
EXTI15_10_IRQHandler                              build/startup_stm32l476xx.o
EXTI1_IRQHandler                                  build/startup_stm32l476xx.o
EXTI2_IRQHandler                                  build/startup_stm32l476xx.o
EXTI3_IRQHandler                                  build/startup_stm32l476xx.o
EXTI4_IRQHandler                                  build/startup_stm32l476xx.o
EXTI9_5_IRQHandler                                build/startup_stm32l476xx.o
Error_Handler                                     build/main.o
FLASH_FlushCaches                                 build/stm32l4xx_hal_flash_ex.o
                                                  build/stm32l4xx_hal_flash.o
FLASH_IRQHandler                                  build/startup_stm32l476xx.o
FLASH_PageErase                                   build/stm32l4xx_hal_flash_ex.o
                                                  build/stm32l4xx_hal_flash.o
FLASH_WaitForLastOperation                        build/stm32l4xx_hal_flash.o
                                                  build/stm32l4xx_hal_flash_ex.o
FMC_IRQHandler                                    build/startup_stm32l476xx.o
FPU_IRQHandler                                    build/startup_stm32l476xx.o
HAL_DBGMCU_DisableDBGSleepMode                    build/stm32l4xx_hal.o
HAL_DBGMCU_DisableDBGStandbyMode                  build/stm32l4xx_hal.o
HAL_DBGMCU_DisableDBGStopMode                     build/stm32l4xx_hal.o
HAL_DBGMCU_EnableDBGSleepMode                     build/stm32l4xx_hal.o
HAL_DBGMCU_EnableDBGStandbyMode                   build/stm32l4xx_hal.o
HAL_DBGMCU_EnableDBGStopMode                      build/stm32l4xx_hal.o
HAL_DMA_Abort                                     build/stm32l4xx_hal_dma.o
                                                  build/stm32l4xx_hal_uart.o
                                                  build/stm32l4xx_hal_spi.o
                                                  build/stm32l4xx_hal_sai.o
                                                  build/stm32l4xx_hal_qspi.o
HAL_DMA_Abort_IT                                  build/stm32l4xx_hal_dma.o
                                                  build/stm32l4xx_hal_uart.o
                                                  build/stm32l4xx_hal_spi.o
                                                  build/stm32l4xx_hal_sai.o
                                                  build/stm32l4xx_hal_qspi.o
                                                  build/stm32l4xx_hal_i2c.o
HAL_DMA_DeInit                                    build/stm32l4xx_hal_dma.o
HAL_DMA_GetError                                  build/stm32l4xx_hal_dma.o
HAL_DMA_GetState                                  build/stm32l4xx_hal_dma.o
HAL_DMA_IRQHandler                                build/stm32l4xx_hal_dma.o
HAL_DMA_Init                                      build/stm32l4xx_hal_dma.o
HAL_DMA_PollForTransfer                           build/stm32l4xx_hal_dma.o
HAL_DMA_RegisterCallback                          build/stm32l4xx_hal_dma.o
HAL_DMA_Start                                     build/stm32l4xx_hal_dma.o
HAL_DMA_Start_IT                                  build/stm32l4xx_hal_dma.o
                                                  build/stm32l4xx_hal_uart.o
                                                  build/stm32l4xx_hal_spi.o
                                                  build/stm32l4xx_hal_sai.o
                                                  build/stm32l4xx_hal_qspi.o
                                                  build/stm32l4xx_hal_i2c.o
HAL_DMA_UnRegisterCallback                        build/stm32l4xx_hal_dma.o
HAL_DeInit                                        build/stm32l4xx_hal.o
HAL_Delay                                         build/stm32l4xx_hal.o
                                                  build/stm32l4xx_ll_usb.o
HAL_EXTI_ClearConfigLine                          build/stm32l4xx_hal_exti.o
HAL_EXTI_ClearPending                             build/stm32l4xx_hal_exti.o
HAL_EXTI_GenerateSWI                              build/stm32l4xx_hal_exti.o
HAL_EXTI_GetConfigLine                            build/stm32l4xx_hal_exti.o
HAL_EXTI_GetHandle                                build/stm32l4xx_hal_exti.o
HAL_EXTI_GetPending                               build/stm32l4xx_hal_exti.o
HAL_EXTI_IRQHandler                               build/stm32l4xx_hal_exti.o
HAL_EXTI_RegisterCallback                         build/stm32l4xx_hal_exti.o
HAL_EXTI_SetConfigLine                            build/stm32l4xx_hal_exti.o
HAL_FLASHEx_DisableRunPowerDown                   build/stm32l4xx_hal_flash_ramfunc.o
HAL_FLASHEx_EnableRunPowerDown                    build/stm32l4xx_hal_flash_ramfunc.o
HAL_FLASHEx_Erase                                 build/stm32l4xx_hal_flash_ex.o
HAL_FLASHEx_Erase_IT                              build/stm32l4xx_hal_flash_ex.o
HAL_FLASHEx_OBGetConfig                           build/stm32l4xx_hal_flash_ex.o
HAL_FLASHEx_OBProgram                             build/stm32l4xx_hal_flash_ex.o
HAL_FLASH_EndOfOperationCallback                  build/stm32l4xx_hal_flash.o
HAL_FLASH_GetError                                build/stm32l4xx_hal_flash.o
HAL_FLASH_IRQHandler                              build/stm32l4xx_hal_flash.o
HAL_FLASH_Lock                                    build/stm32l4xx_hal_flash.o
HAL_FLASH_OB_Launch                               build/stm32l4xx_hal_flash.o
HAL_FLASH_OB_Lock                                 build/stm32l4xx_hal_flash.o
HAL_FLASH_OB_Unlock                               build/stm32l4xx_hal_flash.o
HAL_FLASH_OperationErrorCallback                  build/stm32l4xx_hal_flash.o
HAL_FLASH_Program                                 build/stm32l4xx_hal_flash.o
HAL_FLASH_Program_IT                              build/stm32l4xx_hal_flash.o
HAL_FLASH_Unlock                                  build/stm32l4xx_hal_flash.o
HAL_GPIO_DeInit                                   build/stm32l4xx_hal_gpio.o
                                                  build/stm32l4xx_hal_msp.o
HAL_GPIO_EXTI_Callback                            build/stm32l4xx_hal_gpio.o
HAL_GPIO_EXTI_IRQHandler                          build/stm32l4xx_hal_gpio.o
HAL_GPIO_Init                                     build/stm32l4xx_hal_gpio.o
                                                  build/stm32l4xx_hal_rcc_ex.o
                                                  build/stm32l4xx_hal_rcc.o
                                                  build/stm32l4xx_hal_msp.o
                                                  build/main.o
HAL_GPIO_LockPin                                  build/stm32l4xx_hal_gpio.o
HAL_GPIO_ReadPin                                  build/stm32l4xx_hal_gpio.o
HAL_GPIO_TogglePin                                build/stm32l4xx_hal_gpio.o
HAL_GPIO_WritePin                                 build/stm32l4xx_hal_gpio.o
                                                  build/main.o
HAL_GetDEVID                                      build/stm32l4xx_hal.o
HAL_GetHalVersion                                 build/stm32l4xx_hal.o
HAL_GetREVID                                      build/stm32l4xx_hal.o
HAL_GetTick                                       build/stm32l4xx_hal.o
                                                  build/stm32l4xx_hal_dma.o
                                                  build/stm32l4xx_hal_flash.o
                                                  build/stm32l4xx_hal_rcc_ex.o
                                                  build/stm32l4xx_hal_rcc.o
                                                  build/stm32l4xx_hal_uart_ex.o
                                                  build/stm32l4xx_hal_uart.o
                                                  build/stm32l4xx_hal_spi.o
                                                  build/stm32l4xx_hal_sai.o
                                                  build/stm32l4xx_hal_qspi.o
                                                  build/stm32l4xx_hal_lcd.o
                                                  build/stm32l4xx_hal_i2c.o
HAL_GetUIDw0                                      build/stm32l4xx_hal.o
HAL_GetUIDw1                                      build/stm32l4xx_hal.o
HAL_GetUIDw2                                      build/stm32l4xx_hal.o
HAL_HCD_Connect_Callback                          build/stm32l4xx_hal_hcd.o
HAL_HCD_DeInit                                    build/stm32l4xx_hal_hcd.o
HAL_HCD_Disconnect_Callback                       build/stm32l4xx_hal_hcd.o
HAL_HCD_GetCurrentFrame                           build/stm32l4xx_hal_hcd.o
HAL_HCD_GetCurrentSpeed                           build/stm32l4xx_hal_hcd.o
HAL_HCD_GetState                                  build/stm32l4xx_hal_hcd.o
HAL_HCD_HC_GetState                               build/stm32l4xx_hal_hcd.o
HAL_HCD_HC_GetURBState                            build/stm32l4xx_hal_hcd.o
HAL_HCD_HC_GetXferCount                           build/stm32l4xx_hal_hcd.o
HAL_HCD_HC_Halt                                   build/stm32l4xx_hal_hcd.o
HAL_HCD_HC_Init                                   build/stm32l4xx_hal_hcd.o
HAL_HCD_HC_NotifyURBChange_Callback               build/stm32l4xx_hal_hcd.o
HAL_HCD_HC_SubmitRequest                          build/stm32l4xx_hal_hcd.o
HAL_HCD_IRQHandler                                build/stm32l4xx_hal_hcd.o
                                                  build/stm32l4xx_it.o
HAL_HCD_Init                                      build/stm32l4xx_hal_hcd.o
                                                  build/main.o
HAL_HCD_MspDeInit                                 build/stm32l4xx_hal_msp.o
HAL_HCD_MspInit                                   build/stm32l4xx_hal_msp.o
HAL_HCD_PortDisabled_Callback                     build/stm32l4xx_hal_hcd.o
HAL_HCD_PortEnabled_Callback                      build/stm32l4xx_hal_hcd.o
HAL_HCD_ResetPort                                 build/stm32l4xx_hal_hcd.o
HAL_HCD_SOF_Callback                              build/stm32l4xx_hal_hcd.o
HAL_HCD_Start                                     build/stm32l4xx_hal_hcd.o
HAL_HCD_Stop                                      build/stm32l4xx_hal_hcd.o
HAL_HalfDuplex_EnableReceiver                     build/stm32l4xx_hal_uart.o
HAL_HalfDuplex_EnableTransmitter                  build/stm32l4xx_hal_uart.o
HAL_HalfDuplex_Init                               build/stm32l4xx_hal_uart.o
HAL_I2CEx_ConfigAnalogFilter                      build/stm32l4xx_hal_i2c_ex.o
                                                  build/main.o
HAL_I2CEx_ConfigDigitalFilter                     build/stm32l4xx_hal_i2c_ex.o
                                                  build/main.o
HAL_I2CEx_DisableFastModePlus                     build/stm32l4xx_hal_i2c_ex.o
HAL_I2CEx_DisableWakeUp                           build/stm32l4xx_hal_i2c_ex.o
HAL_I2CEx_EnableFastModePlus                      build/stm32l4xx_hal_i2c_ex.o
HAL_I2CEx_EnableWakeUp                            build/stm32l4xx_hal_i2c_ex.o
HAL_I2C_AbortCpltCallback                         build/stm32l4xx_hal_i2c.o
HAL_I2C_AddrCallback                              build/stm32l4xx_hal_i2c.o
HAL_I2C_DeInit                                    build/stm32l4xx_hal_i2c.o
HAL_I2C_DisableListen_IT                          build/stm32l4xx_hal_i2c.o
HAL_I2C_ER_IRQHandler                             build/stm32l4xx_hal_i2c.o
HAL_I2C_EV_IRQHandler                             build/stm32l4xx_hal_i2c.o
HAL_I2C_EnableListen_IT                           build/stm32l4xx_hal_i2c.o
HAL_I2C_ErrorCallback                             build/stm32l4xx_hal_i2c.o
HAL_I2C_GetError                                  build/stm32l4xx_hal_i2c.o
HAL_I2C_GetMode                                   build/stm32l4xx_hal_i2c.o
HAL_I2C_GetState                                  build/stm32l4xx_hal_i2c.o
HAL_I2C_Init                                      build/stm32l4xx_hal_i2c.o
                                                  build/main.o
HAL_I2C_IsDeviceReady                             build/stm32l4xx_hal_i2c.o
HAL_I2C_ListenCpltCallback                        build/stm32l4xx_hal_i2c.o
HAL_I2C_MasterRxCpltCallback                      build/stm32l4xx_hal_i2c.o
HAL_I2C_MasterTxCpltCallback                      build/stm32l4xx_hal_i2c.o
HAL_I2C_Master_Abort_IT                           build/stm32l4xx_hal_i2c.o
HAL_I2C_Master_Receive                            build/stm32l4xx_hal_i2c.o
HAL_I2C_Master_Receive_DMA                        build/stm32l4xx_hal_i2c.o
HAL_I2C_Master_Receive_IT                         build/stm32l4xx_hal_i2c.o
HAL_I2C_Master_Sequential_Receive_DMA             build/stm32l4xx_hal_i2c.o
HAL_I2C_Master_Sequential_Receive_IT              build/stm32l4xx_hal_i2c.o
HAL_I2C_Master_Sequential_Transmit_DMA            build/stm32l4xx_hal_i2c.o
HAL_I2C_Master_Sequential_Transmit_IT             build/stm32l4xx_hal_i2c.o
HAL_I2C_Master_Transmit                           build/stm32l4xx_hal_i2c.o
HAL_I2C_Master_Transmit_DMA                       build/stm32l4xx_hal_i2c.o
HAL_I2C_Master_Transmit_IT                        build/stm32l4xx_hal_i2c.o
HAL_I2C_MemRxCpltCallback                         build/stm32l4xx_hal_i2c.o
HAL_I2C_MemTxCpltCallback                         build/stm32l4xx_hal_i2c.o
HAL_I2C_Mem_Read                                  build/stm32l4xx_hal_i2c.o
HAL_I2C_Mem_Read_DMA                              build/stm32l4xx_hal_i2c.o
HAL_I2C_Mem_Read_IT                               build/stm32l4xx_hal_i2c.o
HAL_I2C_Mem_Write                                 build/stm32l4xx_hal_i2c.o
HAL_I2C_Mem_Write_DMA                             build/stm32l4xx_hal_i2c.o
HAL_I2C_Mem_Write_IT                              build/stm32l4xx_hal_i2c.o
HAL_I2C_MspDeInit                                 build/stm32l4xx_hal_msp.o
HAL_I2C_MspInit                                   build/stm32l4xx_hal_msp.o
HAL_I2C_SlaveRxCpltCallback                       build/stm32l4xx_hal_i2c.o
HAL_I2C_SlaveTxCpltCallback                       build/stm32l4xx_hal_i2c.o
HAL_I2C_Slave_Receive                             build/stm32l4xx_hal_i2c.o
HAL_I2C_Slave_Receive_DMA                         build/stm32l4xx_hal_i2c.o
HAL_I2C_Slave_Receive_IT                          build/stm32l4xx_hal_i2c.o
HAL_I2C_Slave_Sequential_Receive_DMA              build/stm32l4xx_hal_i2c.o
HAL_I2C_Slave_Sequential_Receive_IT               build/stm32l4xx_hal_i2c.o
HAL_I2C_Slave_Sequential_Transmit_DMA             build/stm32l4xx_hal_i2c.o
HAL_I2C_Slave_Sequential_Transmit_IT              build/stm32l4xx_hal_i2c.o
HAL_I2C_Slave_Transmit                            build/stm32l4xx_hal_i2c.o
HAL_I2C_Slave_Transmit_DMA                        build/stm32l4xx_hal_i2c.o
HAL_I2C_Slave_Transmit_IT                         build/stm32l4xx_hal_i2c.o
HAL_IncTick                                       build/stm32l4xx_hal.o
                                                  build/stm32l4xx_it.o
HAL_Init                                          build/stm32l4xx_hal.o
                                                  build/main.o
HAL_InitTick                                      build/stm32l4xx_hal.o
                                                  build/stm32l4xx_hal_rcc.o
HAL_LCD_Clear                                     build/stm32l4xx_hal_lcd.o
HAL_LCD_DeInit                                    build/stm32l4xx_hal_lcd.o
HAL_LCD_GetError                                  build/stm32l4xx_hal_lcd.o
HAL_LCD_GetState                                  build/stm32l4xx_hal_lcd.o
HAL_LCD_Init                                      build/stm32l4xx_hal_lcd.o
                                                  build/main.o
HAL_LCD_MspDeInit                                 build/stm32l4xx_hal_msp.o
HAL_LCD_MspInit                                   build/stm32l4xx_hal_msp.o
HAL_LCD_UpdateDisplayRequest                      build/stm32l4xx_hal_lcd.o
HAL_LCD_Write                                     build/stm32l4xx_hal_lcd.o
HAL_LIN_Init                                      build/stm32l4xx_hal_uart.o
HAL_LIN_SendBreak                                 build/stm32l4xx_hal_uart.o
HAL_MPU_ConfigRegion                              build/stm32l4xx_hal_cortex.o
HAL_MPU_Disable                                   build/stm32l4xx_hal_cortex.o
HAL_MPU_Enable                                    build/stm32l4xx_hal_cortex.o
HAL_MspDeInit                                     build/stm32l4xx_hal.o
HAL_MspInit                                       build/stm32l4xx_hal_msp.o
HAL_MultiProcessorEx_AddressLength_Set            build/stm32l4xx_hal_uart_ex.o
HAL_MultiProcessor_DisableMuteMode                build/stm32l4xx_hal_uart.o
HAL_MultiProcessor_EnableMuteMode                 build/stm32l4xx_hal_uart.o
HAL_MultiProcessor_EnterMuteMode                  build/stm32l4xx_hal_uart.o
HAL_MultiProcessor_Init                           build/stm32l4xx_hal_uart.o
HAL_NVIC_ClearPendingIRQ                          build/stm32l4xx_hal_cortex.o
HAL_NVIC_DisableIRQ                               build/stm32l4xx_hal_cortex.o
                                                  build/stm32l4xx_hal_msp.o
HAL_NVIC_EnableIRQ                                build/stm32l4xx_hal_cortex.o
                                                  build/stm32l4xx_hal_msp.o
HAL_NVIC_GetActive                                build/stm32l4xx_hal_cortex.o
HAL_NVIC_GetPendingIRQ                            build/stm32l4xx_hal_cortex.o
HAL_NVIC_GetPriority                              build/stm32l4xx_hal_cortex.o
HAL_NVIC_GetPriorityGrouping                      build/stm32l4xx_hal_cortex.o
HAL_NVIC_SetPendingIRQ                            build/stm32l4xx_hal_cortex.o
HAL_NVIC_SetPriority                              build/stm32l4xx_hal_cortex.o
                                                  build/stm32l4xx_hal.o
                                                  build/stm32l4xx_hal_msp.o
HAL_NVIC_SetPriorityGrouping                      build/stm32l4xx_hal_cortex.o
                                                  build/stm32l4xx_hal.o
HAL_NVIC_SystemReset                              build/stm32l4xx_hal_cortex.o
HAL_PWREx_ConfigPVM                               build/stm32l4xx_hal_pwr_ex.o
HAL_PWREx_ControlVoltageScaling                   build/stm32l4xx_hal_pwr_ex.o
                                                  build/main.o
HAL_PWREx_DisableBatteryCharging                  build/stm32l4xx_hal_pwr_ex.o
HAL_PWREx_DisableGPIOPullDown                     build/stm32l4xx_hal_pwr_ex.o
HAL_PWREx_DisableGPIOPullUp                       build/stm32l4xx_hal_pwr_ex.o
HAL_PWREx_DisableInternalWakeUpLine               build/stm32l4xx_hal_pwr_ex.o
HAL_PWREx_DisableLowPowerRunMode                  build/stm32l4xx_hal_pwr_ex.o
                                                  build/stm32l4xx_hal_pwr.o
HAL_PWREx_DisablePVM1                             build/stm32l4xx_hal_pwr_ex.o
HAL_PWREx_DisablePVM2                             build/stm32l4xx_hal_pwr_ex.o
HAL_PWREx_DisablePVM3                             build/stm32l4xx_hal_pwr_ex.o
HAL_PWREx_DisablePVM4                             build/stm32l4xx_hal_pwr_ex.o
HAL_PWREx_DisablePullUpPullDownConfig             build/stm32l4xx_hal_pwr_ex.o
HAL_PWREx_DisableSRAM2ContentRetention            build/stm32l4xx_hal_pwr_ex.o
HAL_PWREx_DisableVddIO2                           build/stm32l4xx_hal_pwr_ex.o
HAL_PWREx_DisableVddUSB                           build/stm32l4xx_hal_pwr_ex.o
                                                  build/stm32l4xx_hal_msp.o
HAL_PWREx_EnableBatteryCharging                   build/stm32l4xx_hal_pwr_ex.o
HAL_PWREx_EnableGPIOPullDown                      build/stm32l4xx_hal_pwr_ex.o
HAL_PWREx_EnableGPIOPullUp                        build/stm32l4xx_hal_pwr_ex.o
HAL_PWREx_EnableInternalWakeUpLine                build/stm32l4xx_hal_pwr_ex.o
HAL_PWREx_EnableLowPowerRunMode                   build/stm32l4xx_hal_pwr_ex.o
                                                  build/stm32l4xx_hal_pwr.o
HAL_PWREx_EnablePVM1                              build/stm32l4xx_hal_pwr_ex.o
HAL_PWREx_EnablePVM2                              build/stm32l4xx_hal_pwr_ex.o
HAL_PWREx_EnablePVM3                              build/stm32l4xx_hal_pwr_ex.o
HAL_PWREx_EnablePVM4                              build/stm32l4xx_hal_pwr_ex.o
HAL_PWREx_EnablePullUpPullDownConfig              build/stm32l4xx_hal_pwr_ex.o
HAL_PWREx_EnableSRAM2ContentRetention             build/stm32l4xx_hal_pwr_ex.o
HAL_PWREx_EnableVddIO2                            build/stm32l4xx_hal_pwr_ex.o
HAL_PWREx_EnableVddUSB                            build/stm32l4xx_hal_pwr_ex.o
                                                  build/stm32l4xx_hal_msp.o
HAL_PWREx_EnterSHUTDOWNMode                       build/stm32l4xx_hal_pwr_ex.o
HAL_PWREx_EnterSTOP0Mode                          build/stm32l4xx_hal_pwr_ex.o
                                                  build/stm32l4xx_hal_pwr.o
HAL_PWREx_EnterSTOP1Mode                          build/stm32l4xx_hal_pwr_ex.o
                                                  build/stm32l4xx_hal_pwr.o
HAL_PWREx_EnterSTOP2Mode                          build/stm32l4xx_hal_pwr_ex.o
HAL_PWREx_GetVoltageRange                         build/stm32l4xx_hal_pwr_ex.o
                                                  build/stm32l4xx_hal_rcc.o
HAL_PWREx_PVD_PVM_IRQHandler                      build/stm32l4xx_hal_pwr_ex.o
HAL_PWREx_PVM1Callback                            build/stm32l4xx_hal_pwr_ex.o
HAL_PWREx_PVM2Callback                            build/stm32l4xx_hal_pwr_ex.o
HAL_PWREx_PVM3Callback                            build/stm32l4xx_hal_pwr_ex.o
HAL_PWREx_PVM4Callback                            build/stm32l4xx_hal_pwr_ex.o
HAL_PWR_ConfigPVD                                 build/stm32l4xx_hal_pwr.o
HAL_PWR_DeInit                                    build/stm32l4xx_hal_pwr.o
HAL_PWR_DisableBkUpAccess                         build/stm32l4xx_hal_pwr.o
                                                  build/stm32l4xx_hal_rcc_ex.o
HAL_PWR_DisablePVD                                build/stm32l4xx_hal_pwr.o
HAL_PWR_DisableSEVOnPend                          build/stm32l4xx_hal_pwr.o
HAL_PWR_DisableSleepOnExit                        build/stm32l4xx_hal_pwr.o
HAL_PWR_DisableWakeUpPin                          build/stm32l4xx_hal_pwr.o
HAL_PWR_EnableBkUpAccess                          build/stm32l4xx_hal_pwr.o
                                                  build/stm32l4xx_hal_rcc_ex.o
                                                  build/main.o
HAL_PWR_EnablePVD                                 build/stm32l4xx_hal_pwr.o
HAL_PWR_EnableSEVOnPend                           build/stm32l4xx_hal_pwr.o
HAL_PWR_EnableSleepOnExit                         build/stm32l4xx_hal_pwr.o
HAL_PWR_EnableWakeUpPin                           build/stm32l4xx_hal_pwr.o
HAL_PWR_EnterSLEEPMode                            build/stm32l4xx_hal_pwr.o
HAL_PWR_EnterSTANDBYMode                          build/stm32l4xx_hal_pwr.o
HAL_PWR_EnterSTOPMode                             build/stm32l4xx_hal_pwr.o
HAL_PWR_PVDCallback                               build/stm32l4xx_hal_pwr.o
                                                  build/stm32l4xx_hal_pwr_ex.o
HAL_QSPI_Abort                                    build/stm32l4xx_hal_qspi.o
HAL_QSPI_AbortCpltCallback                        build/stm32l4xx_hal_qspi.o
HAL_QSPI_Abort_IT                                 build/stm32l4xx_hal_qspi.o
HAL_QSPI_AutoPolling                              build/stm32l4xx_hal_qspi.o
HAL_QSPI_AutoPolling_IT                           build/stm32l4xx_hal_qspi.o
HAL_QSPI_CmdCpltCallback                          build/stm32l4xx_hal_qspi.o
HAL_QSPI_Command                                  build/stm32l4xx_hal_qspi.o
HAL_QSPI_Command_IT                               build/stm32l4xx_hal_qspi.o
HAL_QSPI_DeInit                                   build/stm32l4xx_hal_qspi.o
HAL_QSPI_ErrorCallback                            build/stm32l4xx_hal_qspi.o
HAL_QSPI_FifoThresholdCallback                    build/stm32l4xx_hal_qspi.o
HAL_QSPI_GetError                                 build/stm32l4xx_hal_qspi.o
HAL_QSPI_GetFifoThreshold                         build/stm32l4xx_hal_qspi.o
HAL_QSPI_GetState                                 build/stm32l4xx_hal_qspi.o
HAL_QSPI_IRQHandler                               build/stm32l4xx_hal_qspi.o
HAL_QSPI_Init                                     build/stm32l4xx_hal_qspi.o
                                                  build/main.o
HAL_QSPI_MemoryMapped                             build/stm32l4xx_hal_qspi.o
HAL_QSPI_MspDeInit                                build/stm32l4xx_hal_msp.o
HAL_QSPI_MspInit                                  build/stm32l4xx_hal_msp.o
HAL_QSPI_Receive                                  build/stm32l4xx_hal_qspi.o
HAL_QSPI_Receive_DMA                              build/stm32l4xx_hal_qspi.o
HAL_QSPI_Receive_IT                               build/stm32l4xx_hal_qspi.o
HAL_QSPI_RxCpltCallback                           build/stm32l4xx_hal_qspi.o
HAL_QSPI_RxHalfCpltCallback                       build/stm32l4xx_hal_qspi.o
HAL_QSPI_SetFifoThreshold                         build/stm32l4xx_hal_qspi.o
HAL_QSPI_SetTimeout                               build/stm32l4xx_hal_qspi.o
HAL_QSPI_StatusMatchCallback                      build/stm32l4xx_hal_qspi.o
HAL_QSPI_TimeOutCallback                          build/stm32l4xx_hal_qspi.o
HAL_QSPI_Transmit                                 build/stm32l4xx_hal_qspi.o
HAL_QSPI_Transmit_DMA                             build/stm32l4xx_hal_qspi.o
HAL_QSPI_Transmit_IT                              build/stm32l4xx_hal_qspi.o
HAL_QSPI_TxCpltCallback                           build/stm32l4xx_hal_qspi.o
HAL_QSPI_TxHalfCpltCallback                       build/stm32l4xx_hal_qspi.o
HAL_RCCEx_DisableLSCO                             build/stm32l4xx_hal_rcc_ex.o
HAL_RCCEx_DisableLSECSS                           build/stm32l4xx_hal_rcc_ex.o
HAL_RCCEx_DisableMSIPLLMode                       build/stm32l4xx_hal_rcc_ex.o
HAL_RCCEx_DisablePLLSAI1                          build/stm32l4xx_hal_rcc_ex.o
HAL_RCCEx_DisablePLLSAI2                          build/stm32l4xx_hal_rcc_ex.o
HAL_RCCEx_EnableLSCO                              build/stm32l4xx_hal_rcc_ex.o
HAL_RCCEx_EnableLSECSS                            build/stm32l4xx_hal_rcc_ex.o
HAL_RCCEx_EnableLSECSS_IT                         build/stm32l4xx_hal_rcc_ex.o
HAL_RCCEx_EnableMSIPLLMode                        build/stm32l4xx_hal_rcc_ex.o
                                                  build/main.o
HAL_RCCEx_EnablePLLSAI1                           build/stm32l4xx_hal_rcc_ex.o
HAL_RCCEx_EnablePLLSAI2                           build/stm32l4xx_hal_rcc_ex.o
HAL_RCCEx_GetPeriphCLKConfig                      build/stm32l4xx_hal_rcc_ex.o
HAL_RCCEx_GetPeriphCLKFreq                        build/stm32l4xx_hal_rcc_ex.o
                                                  build/stm32l4xx_hal_sai.o
HAL_RCCEx_LSECSS_Callback                         build/stm32l4xx_hal_rcc_ex.o
HAL_RCCEx_LSECSS_IRQHandler                       build/stm32l4xx_hal_rcc_ex.o
HAL_RCCEx_PeriphCLKConfig                         build/stm32l4xx_hal_rcc_ex.o
                                                  build/main.o
HAL_RCCEx_StandbyMSIRangeConfig                   build/stm32l4xx_hal_rcc_ex.o
HAL_RCCEx_WakeUpStopCLKConfig                     build/stm32l4xx_hal_rcc_ex.o
HAL_RCC_CSSCallback                               build/stm32l4xx_hal_rcc.o
HAL_RCC_ClockConfig                               build/stm32l4xx_hal_rcc.o
                                                  build/main.o
HAL_RCC_DeInit                                    build/stm32l4xx_hal_rcc.o
HAL_RCC_EnableCSS                                 build/stm32l4xx_hal_rcc.o
HAL_RCC_GetClockConfig                            build/stm32l4xx_hal_rcc.o
HAL_RCC_GetHCLKFreq                               build/stm32l4xx_hal_rcc.o
HAL_RCC_GetOscConfig                              build/stm32l4xx_hal_rcc.o
HAL_RCC_GetPCLK1Freq                              build/stm32l4xx_hal_rcc.o
                                                  build/stm32l4xx_hal_rcc_ex.o
                                                  build/stm32l4xx_hal_uart.o
HAL_RCC_GetPCLK2Freq                              build/stm32l4xx_hal_rcc.o
                                                  build/stm32l4xx_hal_rcc_ex.o
                                                  build/stm32l4xx_hal_uart.o
HAL_RCC_GetSysClockFreq                           build/stm32l4xx_hal_rcc.o
                                                  build/stm32l4xx_hal_rcc_ex.o
                                                  build/stm32l4xx_hal_uart.o
HAL_RCC_MCOConfig                                 build/stm32l4xx_hal_rcc.o
HAL_RCC_NMI_IRQHandler                            build/stm32l4xx_hal_rcc.o
HAL_RCC_OscConfig                                 build/stm32l4xx_hal_rcc.o
                                                  build/main.o
HAL_RS485Ex_Init                                  build/stm32l4xx_hal_uart_ex.o
HAL_ResumeTick                                    build/stm32l4xx_hal.o
HAL_SAI_Abort                                     build/stm32l4xx_hal_sai.o
HAL_SAI_DMAPause                                  build/stm32l4xx_hal_sai.o
HAL_SAI_DMAResume                                 build/stm32l4xx_hal_sai.o
HAL_SAI_DMAStop                                   build/stm32l4xx_hal_sai.o
HAL_SAI_DeInit                                    build/stm32l4xx_hal_sai.o
HAL_SAI_DisableRxMuteMode                         build/stm32l4xx_hal_sai.o
HAL_SAI_DisableTxMuteMode                         build/stm32l4xx_hal_sai.o
HAL_SAI_EnableRxMuteMode                          build/stm32l4xx_hal_sai.o
HAL_SAI_EnableTxMuteMode                          build/stm32l4xx_hal_sai.o
HAL_SAI_ErrorCallback                             build/stm32l4xx_hal_sai.o
HAL_SAI_GetError                                  build/stm32l4xx_hal_sai.o
HAL_SAI_GetState                                  build/stm32l4xx_hal_sai.o
HAL_SAI_IRQHandler                                build/stm32l4xx_hal_sai.o
HAL_SAI_Init                                      build/stm32l4xx_hal_sai.o
                                                  build/main.o
HAL_SAI_InitProtocol                              build/stm32l4xx_hal_sai.o
HAL_SAI_MspDeInit                                 build/stm32l4xx_hal_msp.o
HAL_SAI_MspInit                                   build/stm32l4xx_hal_msp.o
HAL_SAI_Receive                                   build/stm32l4xx_hal_sai.o
HAL_SAI_Receive_DMA                               build/stm32l4xx_hal_sai.o
HAL_SAI_Receive_IT                                build/stm32l4xx_hal_sai.o
HAL_SAI_RxCpltCallback                            build/stm32l4xx_hal_sai.o
HAL_SAI_RxHalfCpltCallback                        build/stm32l4xx_hal_sai.o
HAL_SAI_Transmit                                  build/stm32l4xx_hal_sai.o
HAL_SAI_Transmit_DMA                              build/stm32l4xx_hal_sai.o
HAL_SAI_Transmit_IT                               build/stm32l4xx_hal_sai.o
HAL_SAI_TxCpltCallback                            build/stm32l4xx_hal_sai.o
HAL_SAI_TxHalfCpltCallback                        build/stm32l4xx_hal_sai.o
HAL_SPIEx_FlushRxFifo                             build/stm32l4xx_hal_spi_ex.o
HAL_SPI_Abort                                     build/stm32l4xx_hal_spi.o
HAL_SPI_AbortCpltCallback                         build/stm32l4xx_hal_spi.o
HAL_SPI_Abort_IT                                  build/stm32l4xx_hal_spi.o
HAL_SPI_DMAPause                                  build/stm32l4xx_hal_spi.o
HAL_SPI_DMAResume                                 build/stm32l4xx_hal_spi.o
HAL_SPI_DMAStop                                   build/stm32l4xx_hal_spi.o
HAL_SPI_DeInit                                    build/stm32l4xx_hal_spi.o
HAL_SPI_ErrorCallback                             build/stm32l4xx_hal_spi.o
HAL_SPI_GetError                                  build/stm32l4xx_hal_spi.o
HAL_SPI_GetState                                  build/stm32l4xx_hal_spi.o
HAL_SPI_IRQHandler                                build/stm32l4xx_hal_spi.o
HAL_SPI_Init                                      build/stm32l4xx_hal_spi.o
                                                  build/main.o
HAL_SPI_MspDeInit                                 build/stm32l4xx_hal_msp.o
HAL_SPI_MspInit                                   build/stm32l4xx_hal_msp.o
HAL_SPI_Receive                                   build/stm32l4xx_hal_spi.o
HAL_SPI_Receive_DMA                               build/stm32l4xx_hal_spi.o
HAL_SPI_Receive_IT                                build/stm32l4xx_hal_spi.o
HAL_SPI_RxCpltCallback                            build/stm32l4xx_hal_spi.o
HAL_SPI_RxHalfCpltCallback                        build/stm32l4xx_hal_spi.o
HAL_SPI_Transmit                                  build/stm32l4xx_hal_spi.o
HAL_SPI_TransmitReceive                           build/stm32l4xx_hal_spi.o
HAL_SPI_TransmitReceive_DMA                       build/stm32l4xx_hal_spi.o
HAL_SPI_TransmitReceive_IT                        build/stm32l4xx_hal_spi.o
HAL_SPI_Transmit_DMA                              build/stm32l4xx_hal_spi.o
HAL_SPI_Transmit_IT                               build/stm32l4xx_hal_spi.o
HAL_SPI_TxCpltCallback                            build/stm32l4xx_hal_spi.o
HAL_SPI_TxHalfCpltCallback                        build/stm32l4xx_hal_spi.o
HAL_SPI_TxRxCpltCallback                          build/stm32l4xx_hal_spi.o
HAL_SPI_TxRxHalfCpltCallback                      build/stm32l4xx_hal_spi.o
HAL_SYSCFG_DisableIOAnalogSwitchBooster           build/stm32l4xx_hal.o
HAL_SYSCFG_DisableMemorySwappingBank              build/stm32l4xx_hal.o
HAL_SYSCFG_DisableVREFBUF                         build/stm32l4xx_hal.o
HAL_SYSCFG_EnableIOAnalogSwitchBooster            build/stm32l4xx_hal.o
HAL_SYSCFG_EnableMemorySwappingBank               build/stm32l4xx_hal.o
HAL_SYSCFG_EnableVREFBUF                          build/stm32l4xx_hal.o
HAL_SYSCFG_SRAM2Erase                             build/stm32l4xx_hal.o
HAL_SYSCFG_VREFBUF_HighImpedanceConfig            build/stm32l4xx_hal.o
HAL_SYSCFG_VREFBUF_TrimmingConfig                 build/stm32l4xx_hal.o